Component: Arm Compiler for Embedded 6.23 Tool: armlink [5f102400]

==============================================================================

Section Cross References

    startup_stm32f103xb.o(STACK) refers (Special) to heapauxi.o(.text) for __use_two_region_memory
    startup_stm32f103xb.o(HEAP) refers (Special) to heapauxi.o(.text) for __use_two_region_memory
    startup_stm32f103xb.o(RESET) refers (Special) to heapauxi.o(.text) for __use_two_region_memory
    startup_stm32f103xb.o(RESET) refers to startup_stm32f103xb.o(STACK) for __initial_sp
    startup_stm32f103xb.o(RESET) refers to startup_stm32f103xb.o(.text) for Reset_Handler
    startup_stm32f103xb.o(RESET) refers to stm32f1xx_it.o(.text.NMI_Handler) for NMI_Handler
    startup_stm32f103xb.o(RESET) refers to stm32f1xx_it.o(.text.HardFault_Handler) for HardFault_Handler
    startup_stm32f103xb.o(RESET) refers to stm32f1xx_it.o(.text.MemManage_Handler) for MemManage_Handler
    startup_stm32f103xb.o(RESET) refers to stm32f1xx_it.o(.text.BusFault_Handler) for BusFault_Handler
    startup_stm32f103xb.o(RESET) refers to stm32f1xx_it.o(.text.UsageFault_Handler) for UsageFault_Handler
    startup_stm32f103xb.o(RESET) refers to stm32f1xx_it.o(.text.SVC_Handler) for SVC_Handler
    startup_stm32f103xb.o(RESET) refers to stm32f1xx_it.o(.text.DebugMon_Handler) for DebugMon_Handler
    startup_stm32f103xb.o(RESET) refers to stm32f1xx_it.o(.text.PendSV_Handler) for PendSV_Handler
    startup_stm32f103xb.o(RESET) refers to stm32f1xx_it.o(.text.SysTick_Handler) for SysTick_Handler
    startup_stm32f103xb.o(RESET) refers to stm32f1xx_it.o(.text.DMA1_Channel4_IRQHandler) for DMA1_Channel4_IRQHandler
    startup_stm32f103xb.o(RESET) refers to stm32f1xx_it.o(.text.DMA1_Channel5_IRQHandler) for DMA1_Channel5_IRQHandler
    startup_stm32f103xb.o(RESET) refers to stm32f1xx_it.o(.text.USART1_IRQHandler) for USART1_IRQHandler
    startup_stm32f103xb.o(RESET) refers to stm32f1xx_it.o(.text.USART2_IRQHandler) for USART2_IRQHandler
    startup_stm32f103xb.o(.text) refers (Special) to heapauxi.o(.text) for __use_two_region_memory
    startup_stm32f103xb.o(.text) refers to system_stm32f1xx.o(.text.SystemInit) for SystemInit
    startup_stm32f103xb.o(.text) refers to __main.o(!!!main) for __main
    startup_stm32f103xb.o(.text) refers to startup_stm32f103xb.o(HEAP) for Heap_Mem
    startup_stm32f103xb.o(.text) refers to startup_stm32f103xb.o(STACK) for Stack_Mem
    main.o(.text.HAL_UART_TxCpltCallback) refers to main.o(.bss..L_MergedGlobals) for .L_MergedGlobals
    main.o(.ARM.exidx.text.HAL_UART_TxCpltCallback) refers to main.o(.text.HAL_UART_TxCpltCallback) for [Anonymous Symbol]
    main.o(.text.HAL_UART_RxCpltCallback) refers to stm32f1xx_hal_gpio.o(.text.HAL_GPIO_TogglePin) for HAL_GPIO_TogglePin
    main.o(.text.HAL_UART_RxCpltCallback) refers to main.o(.bss..L_MergedGlobals) for .L_MergedGlobals
    main.o(.text.HAL_UART_RxCpltCallback) refers to memcmp.o(.text) for memcmp
    main.o(.text.HAL_UART_RxCpltCallback) refers to strncpy.o(.text) for strncpy
    main.o(.text.HAL_UART_RxCpltCallback) refers to atoi.o(.text) for atoi
    main.o(.text.HAL_UART_RxCpltCallback) refers to usart.o(.bss.huart2) for huart2
    main.o(.text.HAL_UART_RxCpltCallback) refers to stm32f1xx_hal_uart.o(.text.HAL_UART_Receive_IT) for HAL_UART_Receive_IT
    main.o(.ARM.exidx.text.HAL_UART_RxCpltCallback) refers to main.o(.text.HAL_UART_RxCpltCallback) for [Anonymous Symbol]
    main.o(.text.main) refers to stm32f1xx_hal.o(.text.HAL_Init) for HAL_Init
    main.o(.text.main) refers to stm32f1xx_hal_rcc.o(.text.HAL_RCC_OscConfig) for HAL_RCC_OscConfig
    main.o(.text.main) refers to stm32f1xx_hal_rcc.o(.text.HAL_RCC_ClockConfig) for HAL_RCC_ClockConfig
    main.o(.text.main) refers to gpio.o(.text.MX_GPIO_Init) for MX_GPIO_Init
    main.o(.text.main) refers to dma.o(.text.MX_DMA_Init) for MX_DMA_Init
    main.o(.text.main) refers to usart.o(.text.MX_USART1_UART_Init) for MX_USART1_UART_Init
    main.o(.text.main) refers to usart.o(.text.MX_USART2_UART_Init) for MX_USART2_UART_Init
    main.o(.text.main) refers to main.o(.bss..L_MergedGlobals) for .L_MergedGlobals
    main.o(.text.main) refers to usart.o(.bss.huart2) for huart2
    main.o(.text.main) refers to stm32f1xx_hal_uart.o(.text.HAL_UART_Receive_IT) for HAL_UART_Receive_IT
    main.o(.text.main) refers to stm32f1xx_hal_gpio.o(.text.HAL_GPIO_WritePin) for HAL_GPIO_WritePin
    main.o(.text.main) refers to stm32f1xx_hal.o(.text.HAL_Delay) for HAL_Delay
    main.o(.text.main) refers to usart.o(.bss.huart1) for huart1
    main.o(.text.main) refers to stm32f1xx_hal_uart.o(.text.HAL_UART_Transmit) for HAL_UART_Transmit
    main.o(.text.main) refers to emm_v5.o(.text.Emm_V5_En_Control) for Emm_V5_En_Control
    main.o(.text.main) refers to emm_v5.o(.text.Emm_V5_Modify_Ctrl_Mode) for Emm_V5_Modify_Ctrl_Mode
[...]
    ../clib/angel/rt.s                       0x00000000   Number         0  rt_errno_addr.o ABSOLUTE
    ../clib/angel/rt.s                       0x00000000   Number         0  rt_errno_addr_intlibspace.o ABSOLUTE
    ../clib/angel/rt.s                       0x00000000   Number         0  rt_ctype_table.o ABSOLUTE
    ../clib/angel/rt.s                       0x00000000   Number         0  rt_locale.o ABSOLUTE
    ../clib/angel/rt.s                       0x00000000   Number         0  rt_locale_intlibspace.o ABSOLUTE
    ../clib/angel/rt.s                       0x00000000   Number         0  rt_raise.o ABSOLUTE
    ../clib/angel/scatter.s                  0x00000000   Number         0  __scatter.o ABSOLUTE
    ../clib/angel/startup.s                  0x00000000   Number         0  __main.o ABSOLUTE
    ../clib/angel/sys.s                      0x00000000   Number         0  libspace.o ABSOLUTE
    ../clib/angel/sys.s                      0x00000000   Number         0  sys_stackheap_outer.o ABSOLUTE
    ../clib/angel/sys.s                      0x00000000   Number         0  use_no_semi.o ABSOLUTE
    ../clib/angel/sys.s                      0x00000000   Number         0  indicate_semi.o ABSOLUTE
    ../clib/angel/sysapp.c                   0x00000000   Number         0  sys_exit.o ABSOLUTE
    ../clib/angel/sysapp.c                   0x00000000   Number         0  sys_exit_hlt.o ABSOLUTE
    ../clib/angel/sysapp.c                   0x00000000   Number         0  sys_command.o ABSOLUTE
    ../clib/angel/sysapp.c                   0x00000000   Number         0  sys_command_hlt.o ABSOLUTE
    ../clib/angel/sysapp.c                   0x00000000   Number         0  sys_wrch.o ABSOLUTE
    ../clib/angel/sysapp.c                   0x00000000   Number         0  sys_wrch_hlt.o ABSOLUTE
    ../clib/armsys.c                         0x00000000   Number         0  argv_veneer.o ABSOLUTE
    ../clib/armsys.c                         0x00000000   Number         0  argv_veneer.o ABSOLUTE
    ../clib/armsys.c                         0x00000000   Number         0  _get_argv_nomalloc.o ABSOLUTE
    ../clib/armsys.c                         0x00000000   Number         0  no_argv.o ABSOLUTE
    ../clib/heapalloc.c                      0x00000000   Number         0  hrguard.o ABSOLUTE
    ../clib/heapaux.c                        0x00000000   Number         0  heapauxi.o ABSOLUTE
    ../clib/libinit.s                        0x00000000   Number         0  libinit.o ABSOLUTE
    ../clib/libinit.s                        0x00000000   Number         0  libinit2.o ABSOLUTE
    ../clib/libinit.s                        0x00000000   Number         0  libshutdown.o ABSOLUTE
    ../clib/libinit.s                        0x00000000   Number         0  libshutdown2.o ABSOLUTE
    ../clib/locale.s                         0x00000000   Number         0  lc_ctype_c.o ABSOLUTE
    ../clib/memcpset.s                       0x00000000   Number         0  strncpy.o ABSOLUTE
    ../clib/memcpset.s                       0x00000000   Number         0  rt_memclr.o ABSOLUTE
    ../clib/memcpset.s                       0x00000000   Number         0  rt_memclr_w.o ABSOLUTE
    ../clib/memcpset.s                       0x00000000   Number         0  strcmpv7m.o ABSOLUTE
    ../clib/scanf.c                          0x00000000   Number         0  atoi.o ABSOLUTE
    ../clib/scanf.c                          0x00000000   Number         0  strtol.o ABSOLUTE
    ../clib/scanf.c                          0x00000000   Number         0  _strtoul.o ABSOLUTE
    ../clib/scanf.c                          0x00000000   Number         0  _chval.o ABSOLUTE
    ../clib/signal.c                         0x00000000   Number         0  defsig_rtmem_outer.o ABSOLUTE
    ../clib/signal.c                         0x00000000   Number         0  defsig_rtmem_formal.o ABSOLUTE
    ../clib/signal.c                         0x00000000   Number         0  defsig_exit.o ABSOLUTE
    ../clib/signal.c                         0x00000000   Number         0  defsig_rtmem_inner.o ABSOLUTE
    ../clib/signal.c                         0x00000000   Number         0  __raise.o ABSOLUTE
    ../clib/signal.c                         0x00000000   Number         0  defsig_general.o ABSOLUTE
    ../clib/signal.c                         0x00000000   Number         0  defsig_abrt_inner.o ABSOLUTE
    ../clib/signal.c                         0x00000000   Number         0  defsig_fpe_inner.o ABSOLUTE
    ../clib/signal.c                         0x00000000   Number         0  defsig_rtred_inner.o ABSOLUTE
    ../clib/signal.c                         0x00000000   Number         0  defsig_stak_inner.o ABSOLUTE
    ../clib/signal.c                         0x00000000   Number         0  defsig_pvfn_inner.o ABSOLUTE
    ../clib/signal.c                         0x00000000   Number         0  defsig_cppl_inner.o ABSOLUTE
    ../clib/signal.c                         0x00000000   Number         0  defsig_segv_inner.o ABSOLUTE
    ../clib/signal.c                         0x00000000   Number         0  defsig_other.o ABSOLUTE
    ../clib/signal.s                         0x00000000   Number         0  defsig.o ABSOLUTE
    ../clib/stdlib.c                         0x00000000   Number         0  exit.o ABSOLUTE
    ../clib/string.c                         0x00000000   Number         0  memcmp.o ABSOLUTE
    ../fplib/faddsub.s                       0x00000000   Number         0  faddsub_clz.o ABSOLUTE
    ../fplib/fcmp.s                          0x00000000   Number         0  fcmp.o ABSOLUTE
    ../fplib/fcmpi.s                         0x00000000   Number         0  fcmpi.o ABSOLUTE
    ../fplib/fdiv.s                          0x00000000   Number         0  fdiv.o ABSOLUTE
    ../fplib/feqf.s                          0x00000000   Number         0  feqf.o ABSOLUTE
    ../fplib/ffix.s                          0x00000000   Number         0  ffix.o ABSOLUTE
    ../fplib/fflt.s                          0x00000000   Number         0  fflt_clz.o ABSOLUTE
    ../fplib/fgeqf.s                         0x00000000   Number         0  fgeqf.o ABSOLUTE
    ../fplib/fleqf.s                         0x00000000   Number         0  fleqf.o ABSOLUTE
    ../fplib/fmul.s                          0x00000000   Number         0  fmul.o ABSOLUTE
    ../fplib/fnaninf.s                       0x00000000   Number         0  fnaninf.o ABSOLUTE
    ../fplib/fpinit.s                        0x00000000   Number         0  fpinit.o ABSOLUTE
    ../fplib/fpinit_empty.s                  0x00000000   Number         0  fpinit_empty.o ABSOLUTE
    ../fplib/fretinf.s                       0x00000000   Number         0  fretinf.o ABSOLUTE
    ../fplib/usenofp.s                       0x00000000   Number         0  usenofp.o ABSOLUTE
    Emm_V5.c                                 0x00000000   Number         0  emm_v5.o ABSOLUTE
    dc.s                                     0x00000000   Number         0  dc.o ABSOLUTE
    dma.c                                    0x00000000   Number         0  dma.o ABSOLUTE
    gpio.c                                   0x00000000   Number         0  gpio.o ABSOLUTE
    main.c                                   0x00000000   Number         0  main.o ABSOLUTE
    startup_stm32f103xb.s                    0x00000000   Number         0  startup_stm32f103xb.o ABSOLUTE
    stm32f1xx_hal.c                          0x00000000   Number         0  stm32f1xx_hal.o ABSOLUTE
    stm32f1xx_hal_cortex.c                   0x00000000   Number         0  stm32f1xx_hal_cortex.o ABSOLUTE
    stm32f1xx_hal_dma.c                      0x00000000   Number         0  stm32f1xx_hal_dma.o ABSOLUTE
    stm32f1xx_hal_exti.c                     0x00000000   Number         0  stm32f1xx_hal_exti.o ABSOLUTE
    stm32f1xx_hal_flash.c                    0x00000000   Number         0  stm32f1xx_hal_flash.o ABSOLUTE
    stm32f1xx_hal_flash_ex.c                 0x00000000   Number         0  stm32f1xx_hal_flash_ex.o ABSOLUTE
    stm32f1xx_hal_gpio.c                     0x00000000   Number         0  stm32f1xx_hal_gpio.o ABSOLUTE
    stm32f1xx_hal_gpio_ex.c                  0x00000000   Number         0  stm32f1xx_hal_gpio_ex.o ABSOLUTE
    stm32f1xx_hal_msp.c                      0x00000000   Number         0  stm32f1xx_hal_msp.o ABSOLUTE
    stm32f1xx_hal_pwr.c                      0x00000000   Number         0  stm32f1xx_hal_pwr.o ABSOLUTE
    stm32f1xx_hal_rcc.c                      0x00000000   Number         0  stm32f1xx_hal_rcc.o ABSOLUTE
    stm32f1xx_hal_rcc_ex.c                   0x00000000   Number         0  stm32f1xx_hal_rcc_ex.o ABSOLUTE
    stm32f1xx_hal_uart.c                     0x00000000   Number         0  stm32f1xx_hal_uart.o ABSOLUTE
    stm32f1xx_it.c                           0x00000000   Number         0  stm32f1xx_it.o ABSOLUTE
    system_stm32f1xx.c                       0x00000000   Number         0  system_stm32f1xx.o ABSOLUTE
    usart.c                                  0x00000000   Number         0  usart.o ABSOLUTE
    RESET                                    0x08000000   Section      236  startup_stm32f103xb.o(RESET)
    !!!main                                  0x080000ec   Section        8  __main.o(!!!main)
    !!!scatter                               0x080000f4   Section       92  __scatter.o(!!!scatter)
    !!handler_copy                           0x08000150   Section       26  __scatter_copy.o(!!handler_copy)
    !!handler_null                           0x0800016c   Section        2  __scatter.o(!!handler_null)
    !!handler_zi                             0x08000170   Section       28  __scatter_zi.o(!!handler_zi)
    .ARM.Collect$$libinit$$00000000          0x0800018c   Section        2  libinit.o(.ARM.Collect$$libinit$$00000000)
    .ARM.Collect$$libinit$$00000002          0x0800018e   Section        0  libinit2.o(.ARM.Collect$$libinit$$00000002)
    .ARM.Collect$$libinit$$00000004          0x0800018e   Section        0  libinit2.o(.ARM.Collect$$libinit$$00000004)
    .ARM.Collect$$libinit$$00000006          0x0800018e   Section        0  libinit2.o(.ARM.Collect$$libinit$$00000006)
    .ARM.Collect$$libinit$$0000000C          0x0800018e   Section        0  libinit2.o(.ARM.Collect$$libinit$$0000000C)
    .ARM.Collect$$libinit$$0000000E          0x0800018e   Section        0  libinit2.o(.ARM.Collect$$libinit$$0000000E)
    .ARM.Collect$$libinit$$00000010          0x0800018e   Section        0  libinit2.o(.ARM.Collect$$libinit$$00000010)
    .ARM.Collect$$libinit$$00000011          0x0800018e   Section        6  libinit2.o(.ARM.Collect$$libinit$$00000011)
    .ARM.Collect$$libinit$$00000013          0x08000194   Section        0  libinit2.o(.ARM.Collect$$libinit$$00000013)
    .ARM.Collect$$libinit$$00000014          0x08000194   Section       12  libinit2.o(.ARM.Collect$$libinit$$00000014)
    .ARM.Collect$$libinit$$00000015          0x080001a0   Section        0  libinit2.o(.ARM.Collect$$libinit$$00000015)
    .ARM.Collect$$libinit$$00000017          0x080001a0   Section        0  libinit2.o(.ARM.Collect$$libinit$$00000017)
    .ARM.Collect$$libinit$$00000019          0x080001a0   Section        0  libinit2.o(.ARM.Collect$$libinit$$00000019)
    .ARM.Collect$$libinit$$0000001B          0x080001a0   Section        0  libinit2.o(.ARM.Collect$$libinit$$0000001B)
    .ARM.Collect$$libinit$$0000001D          0x080001a0   Section        0  libinit2.o(.ARM.Collect$$libinit$$0000001D)
    .ARM.Collect$$libinit$$0000001F          0x080001a0   Section        0  libinit2.o(.ARM.Collect$$libinit$$0000001F)
    .ARM.Collect$$libinit$$00000021          0x080001a0   Section        0  libinit2.o(.ARM.Collect$$libinit$$00000021)
    .ARM.Collect$$libinit$$00000023          0x080001a0   Section        0  libinit2.o(.ARM.Collect$$libinit$$00000023)
    .ARM.Collect$$libinit$$00000025          0x080001a0   Section        0  libinit2.o(.ARM.Collect$$libinit$$00000025)
    .ARM.Collect$$libinit$$00000027          0x080001a0   Section        0  libinit2.o(.ARM.Collect$$libinit$$00000027)
    .ARM.Collect$$libinit$$0000002E          0x080001a0   Section        0  libinit2.o(.ARM.Collect$$libinit$$0000002E)
    .ARM.Collect$$libinit$$00000030          0x080001a0   Section        0  libinit2.o(.ARM.Collect$$libinit$$00000030)
    .ARM.Collect$$libinit$$00000032          0x080001a0   Section        0  libinit2.o(.ARM.Collect$$libinit$$00000032)
    .ARM.Collect$$libinit$$00000034          0x080001a0   Section        0  libinit2.o(.ARM.Collect$$libinit$$00000034)
    .ARM.Collect$$libinit$$00000035          0x080001a0   Section        2  libinit2.o(.ARM.Collect$$libinit$$00000035)
    .ARM.Collect$$libshutdown$$00000000      0x080001a2   Section        2  libshutdown.o(.ARM.Collect$$libshutdown$$00000000)
    .ARM.Collect$$libshutdown$$00000002      0x080001a4   Section        0  libshutdown2.o(.ARM.Collect$$libshutdown$$00000002)
    .ARM.Collect$$libshutdown$$00000004      0x080001a4   Section        0  libshutdown2.o(.ARM.Collect$$libshutdown$$00000004)
    .ARM.Collect$$libshutdown$$00000007      0x080001a4   Section        0  libshutdown2.o(.ARM.Collect$$libshutdown$$00000007)
    .ARM.Collect$$libshutdown$$0000000A      0x080001a4   Section        0  libshutdown2.o(.ARM.Collect$$libshutdown$$0000000A)
    .ARM.Collect$$libshutdown$$0000000C      0x080001a4   Section        0  libshutdown2.o(.ARM.Collect$$libshutdown$$0000000C)
    .ARM.Collect$$libshutdown$$0000000F      0x080001a4   Section        0  libshutdown2.o(.ARM.Collect$$libshutdown$$0000000F)
    .ARM.Collect$$libshutdown$$00000010      0x080001a4   Section        2  libshutdown2.o(.ARM.Collect$$libshutdown$$00000010)
    .ARM.Collect$$rtentry$$00000000          0x080001a6   Section        0  __rtentry.o(.ARM.Collect$$rtentry$$00000000)
    .ARM.Collect$$rtentry$$00000002          0x080001a6   Section        0  __rtentry2.o(.ARM.Collect$$rtentry$$00000002)
    .ARM.Collect$$rtentry$$00000004          0x080001a6   Section        6  __rtentry4.o(.ARM.Collect$$rtentry$$00000004)
    .ARM.Collect$$rtentry$$00000009          0x080001ac   Section        0  __rtentry2.o(.ARM.Collect$$rtentry$$00000009)
    .ARM.Collect$$rtentry$$0000000A          0x080001ac   Section        4  __rtentry2.o(.ARM.Collect$$rtentry$$0000000A)
    .ARM.Collect$$rtentry$$0000000C          0x080001b0   Section        0  __rtentry2.o(.ARM.Collect$$rtentry$$0000000C)
    .ARM.Collect$$rtentry$$0000000D          0x080001b0   Section        8  __rtentry2.o(.ARM.Collect$$rtentry$$0000000D)
    .ARM.Collect$$rtexit$$00000000           0x080001b8   Section        2  rtexit.o(.ARM.Collect$$rtexit$$00000000)
    .ARM.Collect$$rtexit$$00000002           0x080001ba   Section        0  rtexit2.o(.ARM.Collect$$rtexit$$00000002)
    .ARM.Collect$$rtexit$$00000003           0x080001ba   Section        4  rtexit2.o(.ARM.Collect$$rtexit$$00000003)
    .ARM.Collect$$rtexit$$00000004           0x080001be   Section        6  rtexit2.o(.ARM.Collect$$rtexit$$00000004)
    .text                                    0x080001c4   Section       64  startup_stm32f103xb.o(.text)
    .text                                    0x08000204   Section        0  atoi.o(.text)
    .text                                    0x0800021e   Section        0  memcmp.o(.text)
    .text                                    0x08000276   Section       86  strncpy.o(.text)
    .text                                    0x080002cc   Section        0  heapauxi.o(.text)
    .text                                    0x080002d4   Section        8  rt_errno_addr_intlibspace.o(.text)
    .text                                    0x080002dc   Section        0  strtol.o(.text)
    .text                                    0x0800034c   Section       68  rt_memclr.o(.text)
    .text                                    0x08000390   Section        8  libspace.o(.text)
    .text                                    0x08000398   Section       16  rt_ctype_table.o(.text)
    .text                                    0x080003a8   Section        0  _strtoul.o(.text)
    .text                                    0x08000446   Section       78  rt_memclr_w.o(.text)
    .text                                    0x08000494   Section       74  sys_stackheap_outer.o(.text)
    .text                                    0x080004e0   Section        8  rt_locale_intlibspace.o(.text)
    .text                                    0x080004e8   Section        0  _chval.o(.text)
    .text                                    0x08000504   Section        0  exit.o(.text)
    .text                                    0x08000518   Section      128  strcmpv7m.o(.text)
    .text                                    0x08000598   Section        0  sys_exit.o(.text)
    .text                                    0x080005a4   Section        2  use_no_semi.o(.text)
    .text                                    0x080005a6   Section        0  indicate_semi.o(.text)
    [Anonymous Symbol]                       0x080005a8   Section        0  stm32f1xx_it.o(.text.BusFault_Handler)
    [Anonymous Symbol]                       0x080005ac   Section        0  stm32f1xx_it.o(.text.DMA1_Channel4_IRQHandler)
    [Anonymous Symbol]                       0x080005b8   Section        0  stm32f1xx_it.o(.text.DMA1_Channel5_IRQHandler)
    [Anonymous Symbol]                       0x080005c4   Section        0  stm32f1xx_it.o(.text.DebugMon_Handler)
    Do_Home                                  0x080005c9   Thumb Code   106  main.o(.text.Do_Home)
    [Anonymous Symbol]                       0x080005c8   Section        0  main.o(.text.Do_Home)
    [Anonymous Symbol]                       0x08000634   Section        0  emm_v5.o(.text.Emm_V5_En_Control)
    [Anonymous Symbol]                       0x08000664   Section        0  emm_v5.o(.text.Emm_V5_Modify_Ctrl_Mode)
    [Anonymous Symbol]                       0x08000694   Section        0  emm_v5.o(.text.Emm_V5_Modify_FOC_mA)
    [Anonymous Symbol]                       0x080006c8   Section        0  emm_v5.o(.text.Emm_V5_Origin_Set_O)
    [Anonymous Symbol]                       0x080006f4   Section        0  emm_v5.o(.text.Emm_V5_Origin_Trigger_Return)
    [Anonymous Symbol]                       0x08000720   Section        0  emm_v5.o(.text.Emm_V5_QPos_Control)
    [Anonymous Symbol]                       0x080007e8   Section        0  emm_v5.o(.text.Emm_V5_Set_QPos_Params)
    [Anonymous Symbol]                       0x08000830   Section        0  emm_v5.o(.text.Emm_V5_Stop_Now)
    [Anonymous Symbol]                       0x0800085c   Section        0  emm_v5.o(.text.Emm_V5_Vel_Control)
    [Anonymous Symbol]                       0x080008a4   Section        0  main.o(.text.Error_Handler)
    [Anonymous Symbol]                       0x080008b0   Section        0  stm32f1xx_hal_dma.o(.text.HAL_DMA_Abort)
    [Anonymous Symbol]                       0x080008f8   Section        0  stm32f1xx_hal_dma.o(.text.HAL_DMA_Abort_IT)
    [Anonymous Symbol]                       0x080009b0   Section        0  stm32f1xx_hal_dma.o(.text.HAL_DMA_IRQHandler)
    [Anonymous Symbol]                       0x08000b50   Section        0  stm32f1xx_hal_dma.o(.text.HAL_DMA_Init)
    [Anonymous Symbol]                       0x08000bd4   Section        0  stm32f1xx_hal_dma.o(.text.HAL_DMA_Start_IT)
    [Anonymous Symbol]                       0x08000c74   Section        0  stm32f1xx_hal.o(.text.HAL_Delay)
    [Anonymous Symbol]                       0x08000c9c   Section        0  stm32f1xx_hal_gpio.o(.text.HAL_GPIO_Init)
    [Anonymous Symbol]                       0x08000eac   Section        0  stm32f1xx_hal_gpio.o(.text.HAL_GPIO_TogglePin)
    [Anonymous Symbol]                       0x08000ebc   Section        0  stm32f1xx_hal_gpio.o(.text.HAL_GPIO_WritePin)
    [Anonymous Symbol]                       0x08000ec8   Section        0  stm32f1xx_hal.o(.text.HAL_GetTick)
    [Anonymous Symbol]                       0x08000ed4   Section        0  stm32f1xx_hal.o(.text.HAL_IncTick)
    [Anonymous Symbol]                       0x08000ef0   Section        0  stm32f1xx_hal.o(.text.HAL_Init)
    [Anonymous Symbol]                       0x08000f18   Section        0  stm32f1xx_hal.o(.text.HAL_InitTick)
    [Anonymous Symbol]                       0x08000f60   Section        0  stm32f1xx_hal_msp.o(.text.HAL_MspInit)
    [Anonymous Symbol]                       0x08000fa4   Section        0  stm32f1xx_hal_cortex.o(.text.HAL_NVIC_EnableIRQ)
    [Anonymous Symbol]                       0x08000fc8   Section        0  stm32f1xx_hal_cortex.o(.text.HAL_NVIC_SetPriority)
    [Anonymous Symbol]                       0x08001020   Section        0  stm32f1xx_hal_cortex.o(.text.HAL_NVIC_SetPriorityGrouping)
    [Anonymous Symbol]                       0x08001040   Section        0  stm32f1xx_hal_rcc.o(.text.HAL_RCC_ClockConfig)
    [Anonymous Symbol]                       0x080011fc   Section        0  stm32f1xx_hal_rcc.o(.text.HAL_RCC_GetPCLK1Freq)
    [Anonymous Symbol]                       0x08001224   Section        0  stm32f1xx_hal_rcc.o(.text.HAL_RCC_GetPCLK2Freq)
    [Anonymous Symbol]                       0x0800124c   Section        0  stm32f1xx_hal_rcc.o(.text.HAL_RCC_OscConfig)
    [Anonymous Symbol]                       0x0800164c   Section        0  stm32f1xx_hal_cortex.o(.text.HAL_SYSTICK_Config)
    [Anonymous Symbol]                       0x08001678   Section        0  stm32f1xx_hal_uart.o(.text.HAL_UARTEx_RxEventCallback)
    [Anonymous Symbol]                       0x0800167c   Section        0  stm32f1xx_hal_uart.o(.text.HAL_UART_ErrorCallback)
    [Anonymous Symbol]                       0x08001680   Section        0  stm32f1xx_hal_uart.o(.text.HAL_UART_IRQHandler)
    [Anonymous Symbol]                       0x08001bf0   Section        0  stm32f1xx_hal_uart.o(.text.HAL_UART_Init)
    [Anonymous Symbol]                       0x08001cd4   Section        0  usart.o(.text.HAL_UART_MspInit)
    [Anonymous Symbol]                       0x08001e44   Section        0  stm32f1xx_hal_uart.o(.text.HAL_UART_Receive_IT)
    [Anonymous Symbol]                       0x08001e98   Section        0  main.o(.text.HAL_UART_RxCpltCallback)
    [Anonymous Symbol]                       0x08001fd0   Section        0  stm32f1xx_hal_uart.o(.text.HAL_UART_Transmit)
    [Anonymous Symbol]                       0x08002164   Section        0  stm32f1xx_hal_uart.o(.text.HAL_UART_Transmit_DMA)
    [Anonymous Symbol]                       0x08002228   Section        0  main.o(.text.HAL_UART_TxCpltCallback)
    [Anonymous Symbol]                       0x08002248   Section        0  stm32f1xx_hal_uart.o(.text.HAL_UART_TxHalfCpltCallback)
    [Anonymous Symbol]                       0x0800224c   Section        0  stm32f1xx_it.o(.text.HardFault_Handler)
    [Anonymous Symbol]                       0x08002250   Section        0  dma.o(.text.MX_DMA_Init)
    [Anonymous Symbol]                       0x08002294   Section        0  gpio.o(.text.MX_GPIO_Init)
    [Anonymous Symbol]                       0x08002310   Section        0  usart.o(.text.MX_USART1_UART_Init)
    [Anonymous Symbol]                       0x0800234c   Section        0  usart.o(.text.MX_USART2_UART_Init)
    [Anonymous Symbol]                       0x08002388   Section        0  stm32f1xx_it.o(.text.MemManage_Handler)
    Motor_Enable                             0x0800238d   Thumb Code   218  main.o(.text.Motor_Enable)
    [Anonymous Symbol]                       0x0800238c   Section        0  main.o(.text.Motor_Enable)
    [Anonymous Symbol]                       0x08002468   Section        0  stm32f1xx_it.o(.text.NMI_Handler)
    [Anonymous Symbol]                       0x0800246c   Section        0  stm32f1xx_it.o(.text.PendSV_Handler)
    [Anonymous Symbol]                       0x08002470   Section        0  stm32f1xx_it.o(.text.SVC_Handler)
    [Anonymous Symbol]                       0x08002474   Section        0  stm32f1xx_it.o(.text.SysTick_Handler)
    [Anonymous Symbol]                       0x08002478   Section        0  system_stm32f1xx.o(.text.SystemInit)
    UART_DMAAbortOnError                     0x0800247d   Thumb Code    12  stm32f1xx_hal_uart.o(.text.UART_DMAAbortOnError)
    [Anonymous Symbol]                       0x0800247c   Section        0  stm32f1xx_hal_uart.o(.text.UART_DMAAbortOnError)
    UART_DMAError                            0x08002489   Thumb Code   380  stm32f1xx_hal_uart.o(.text.UART_DMAError)
    [Anonymous Symbol]                       0x08002488   Section        0  stm32f1xx_hal_uart.o(.text.UART_DMAError)
    UART_DMATransmitCplt                     0x08002605   Thumb Code   176  stm32f1xx_hal_uart.o(.text.UART_DMATransmitCplt)
    [Anonymous Symbol]                       0x08002604   Section        0  stm32f1xx_hal_uart.o(.text.UART_DMATransmitCplt)
    UART_DMATxHalfCplt                       0x080026b5   Thumb Code     6  stm32f1xx_hal_uart.o(.text.UART_DMATxHalfCplt)
    [Anonymous Symbol]                       0x080026b4   Section        0  stm32f1xx_hal_uart.o(.text.UART_DMATxHalfCplt)
    UART_Receive_IT                          0x080026bd   Thumb Code   254  stm32f1xx_hal_uart.o(.text.UART_Receive_IT)
    [Anonymous Symbol]                       0x080026bc   Section        0  stm32f1xx_hal_uart.o(.text.UART_Receive_IT)
    [Anonymous Symbol]                       0x080027bc   Section        0  stm32f1xx_it.o(.text.USART1_IRQHandler)
    [Anonymous Symbol]                       0x080027c8   Section        0  stm32f1xx_it.o(.text.USART2_IRQHandler)
    [Anonymous Symbol]                       0x080027d4   Section        0  stm32f1xx_it.o(.text.UsageFault_Handler)
    [Anonymous Symbol]                       0x080027d8   Section        0  main.o(.text.main)
    scan_enter_locked                        0x080036b9   Thumb Code   106  main.o(.text.scan_enter_locked)
    [Anonymous Symbol]                       0x080036b8   Section        0  main.o(.text.scan_enter_locked)
    locale$$code                             0x08003724   Section       44  lc_ctype_c.o(locale$$code)
    x$fpl$fadd                               0x08003750   Section      196  faddsub_clz.o(x$fpl$fadd)
    _fadd1                                   0x0800375f   Thumb Code     0  faddsub_clz.o(x$fpl$fadd)
    x$fpl$fcmp                               0x08003814   Section       84  fcmp.o(x$fpl$fcmp)
    x$fpl$fcmpinf                            0x08003868   Section       24  fcmpi.o(x$fpl$fcmpinf)
    _fdiv1                                   0x08003881   Thumb Code     0  fdiv.o(x$fpl$fdiv)
    x$fpl$fdiv                               0x08003880   Section      388  fdiv.o(x$fpl$fdiv)
    x$fpl$feqf                               0x08003a04   Section      104  feqf.o(x$fpl$feqf)
    x$fpl$ffix                               0x08003a6c   Section       54  ffix.o(x$fpl$ffix)
    x$fpl$fflt                               0x08003aa4   Section       48  fflt_clz.o(x$fpl$fflt)
    x$fpl$fgeqf                              0x08003ad4   Section      104  fgeqf.o(x$fpl$fgeqf)
    x$fpl$fleqf                              0x08003b3c   Section      104  fleqf.o(x$fpl$fleqf)
    x$fpl$fmul                               0x08003ba4   Section      258  fmul.o(x$fpl$fmul)
    x$fpl$fnaninf                            0x08003ca6   Section      140  fnaninf.o(x$fpl$fnaninf)
    x$fpl$fretinf                            0x08003d32   Section       10  fretinf.o(x$fpl$fretinf)
    x$fpl$fsub                               0x08003d3c   Section      234  faddsub_clz.o(x$fpl$fsub)
    _fsub1                                   0x08003d4b   Thumb Code     0  faddsub_clz.o(x$fpl$fsub)
    x$fpl$usenofp                            0x08003e26   Section        0  usenofp.o(x$fpl$usenofp)
    HAL_RCC_GetSysClockFreq.aPredivFactorTable 0x08003e3e   Data           2  stm32f1xx_hal_rcc.o(.rodata.HAL_RCC_GetSysClockFreq.aPredivFactorTable)
    [Anonymous Symbol]                       0x08003e3e   Section        0  stm32f1xx_hal_rcc.o(.rodata.HAL_RCC_GetSysClockFreq.aPredivFactorTable)
    HAL_RCC_GetSysClockFreq.aPLLMULFactorTable 0x08003e40   Data          16  stm32f1xx_hal_rcc.o(.rodata.cst16)
    [Anonymous Symbol]                       0x08003e40   Section        0  stm32f1xx_hal_rcc.o(.rodata.cst16)
    locale$$data                             0x08003e70   Section      272  lc_ctype_c.o(locale$$data)
    __lcctype_c_name                         0x08003e74   Data           2  lc_ctype_c.o(locale$$data)
    __lcctype_c_start                        0x08003e7c   Data           0  lc_ctype_c.o(locale$$data)
    __lcctype_c_end                          0x08003f80   Data           0  lc_ctype_c.o(locale$$data)
    .L_MergedGlobals                         0x20000000   Data           8  stm32f1xx_hal.o(.data..L_MergedGlobals)
    [Anonymous Symbol]                       0x20000000   Section        0  stm32f1xx_hal.o(.data..L_MergedGlobals)
    .bss                                     0x20000010   Section       96  libspace.o(.bss)
    .L_MergedGlobals                         0x20000070   Data          92  main.o(.bss..L_MergedGlobals)
    [Anonymous Symbol]                       0x20000070   Section        0  main.o(.bss..L_MergedGlobals)
    scan_y_dir                               0x2000007b   Data           1  main.o(.bss..L_MergedGlobals)
    seen_count                               0x2000007c   Data           1  main.o(.bss..L_MergedGlobals)
    lock_confirm_count                       0x2000007d   Data           1  main.o(.bss..L_MergedGlobals)
    scan_start_ms                            0x20000088   Data           4  main.o(.bss..L_MergedGlobals)
    scan_y_base_ms                           0x2000008c   Data           4  main.o(.bss..L_MergedGlobals)
    scan_lock_deadline                       0x20000090   Data           4  main.o(.bss..L_MergedGlobals)
    y_integral                               0x20000094   Data           4  main.o(.bss..L_MergedGlobals)
    x_integral                               0x20000098   Data           4  main.o(.bss..L_MergedGlobals)
    y_prev_err                               0x2000009c   Data           4  main.o(.bss..L_MergedGlobals)
    x_prev_err                               0x200000a0   Data           4  main.o(.bss..L_MergedGlobals)
    y_d_prev                                 0x200000a4   Data           4  main.o(.bss..L_MergedGlobals)
    x_d_prev                                 0x200000a8   Data           4  main.o(.bss..L_MergedGlobals)
    .L_MergedGlobals                         0x200000cc   Data          66  emm_v5.o(.bss..L_MergedGlobals)
    [Anonymous Symbol]                       0x200000cc   Section        0  emm_v5.o(.bss..L_MergedGlobals)
    Emm_V5_QPos_Control.cmd1                 0x200000ce   Data          16  emm_v5.o(.bss..L_MergedGlobals)
    Emm_V5_QPos_Control.cmd2                 0x200000de   Data          16  emm_v5.o(.bss..L_MergedGlobals)
    X_V2_MMCL_Origin_Read_SL_RP.cmd          0x200000ee   Data          16  emm_v5.o(.bss..L_MergedGlobals)
    X_V2_MMCL_Origin_Modify_SL_RP.cmd        0x200000fe   Data          16  emm_v5.o(.bss..L_MergedGlobals)
    Emm_V5_En_Control.cmd                    0x2000010e   Data          16  emm_v5.o(.bss.Emm_V5_En_Control.cmd)
    [Anonymous Symbol]                       0x2000010e   Section        0  emm_v5.o(.bss.Emm_V5_En_Control.cmd)
    Emm_V5_Modify_Ctrl_Mode.cmd              0x2000011e   Data          16  emm_v5.o(.bss.Emm_V5_Modify_Ctrl_Mode.cmd)
    [Anonymous Symbol]                       0x2000011e   Section        0  emm_v5.o(.bss.Emm_V5_Modify_Ctrl_Mode.cmd)
    Emm_V5_Modify_FOC_mA.cmd                 0x2000012e   Data          16  emm_v5.o(.bss.Emm_V5_Modify_FOC_mA.cmd)
    [Anonymous Symbol]                       0x2000012e   Section        0  emm_v5.o(.bss.Emm_V5_Modify_FOC_mA.cmd)
    Emm_V5_Origin_Set_O.cmd                  0x2000013e   Data          16  emm_v5.o(.bss.Emm_V5_Origin_Set_O.cmd)
    [Anonymous Symbol]                       0x2000013e   Section        0  emm_v5.o(.bss.Emm_V5_Origin_Set_O.cmd)
    Emm_V5_Origin_Trigger_Return.cmd         0x2000014e   Data          16  emm_v5.o(.bss.Emm_V5_Origin_Trigger_Return.cmd)
    [Anonymous Symbol]                       0x2000014e   Section        0  emm_v5.o(.bss.Emm_V5_Origin_Trigger_Return.cmd)
    Emm_V5_Set_QPos_Params.cmd               0x2000015e   Data          16  emm_v5.o(.bss.Emm_V5_Set_QPos_Params.cmd)
    [Anonymous Symbol]                       0x2000015e   Section        0  emm_v5.o(.bss.Emm_V5_Set_QPos_Params.cmd)
    Emm_V5_Stop_Now.cmd                      0x2000016e   Data          16  emm_v5.o(.bss.Emm_V5_Stop_Now.cmd)
    [Anonymous Symbol]                       0x2000016e   Section        0  emm_v5.o(.bss.Emm_V5_Stop_Now.cmd)
    Emm_V5_Vel_Control.cmd                   0x2000017e   Data          16  emm_v5.o(.bss.Emm_V5_Vel_Control.cmd)
    [Anonymous Symbol]                       0x2000017e   Section        0  emm_v5.o(.bss.Emm_V5_Vel_Control.cmd)
    Heap_Mem                                 0x200002b0   Data         512  startup_stm32f103xb.o(HEAP)
    HEAP                                     0x200002b0   Section      512  startup_stm32f103xb.o(HEAP)
    Stack_Mem                                0x200004b0   Data        1024  startup_stm32f103xb.o(STACK)
    STACK                                    0x200004b0   Section     1024  startup_stm32f103xb.o(STACK)
    __initial_sp                             0x200008b0   Data           0  startup_stm32f103xb.o(STACK)

    Global Symbols

    Symbol Name                              Value     Ov Type        Size  Object(Section)

    BuildAttributes$$THM_ISAv4$P$D$K$B$S$PE$A:L22UL41UL21$X:L11$S22US41US21$IEEE1$IW$~IW$USESV6$~STKCKD$USESV7$~SHL$OTIME$ROPI$EBA8$UX$STANDARDLIB$REQ8$PRES8$EABIv2 0x00000000   Number         0  anon$$obj.o ABSOLUTE
    __fp_init_empty                          0x00000000   Number         0  fpinit_empty.o ABSOLUTE
    __ARM_exceptions_init                     - Undefined Weak Reference
    __alloca_initialize                       - Undefined Weak Reference
    __arm_preinit_                            - Undefined Weak Reference
    __arm_relocate_pie_                       - Undefined Weak Reference
    __cpp_initialize__aeabi_                  - Undefined Weak Reference
    __cxa_finalize                            - Undefined Weak Reference
    __sigvec_lookup                           - Undefined Weak Reference
    _atexit_init                              - Undefined Weak Reference
    _call_atexit_fns                          - Undefined Weak Reference
    _clock_init                               - Undefined Weak Reference
    _fp_trap_init                             - Undefined Weak Reference
    _fp_trap_shutdown                         - Undefined Weak Reference
    _get_lc_collate                           - Undefined Weak Reference
    _get_lc_monetary                          - Undefined Weak Reference
    _get_lc_numeric                           - Undefined Weak Reference
    _get_lc_time                              - Undefined Weak Reference
    _getenv_init                              - Undefined Weak Reference
    _handle_redirection                       - Undefined Weak Reference
    _init_alloc                               - Undefined Weak Reference
    _init_user_alloc                          - Undefined Weak Reference
    _initio                                   - Undefined Weak Reference
    _rand_init                                - Undefined Weak Reference
    _signal_finish                            - Undefined Weak Reference
    _signal_init                              - Undefined Weak Reference
    _terminate_alloc                          - Undefined Weak Reference
    _terminate_user_alloc                     - Undefined Weak Reference
    _terminateio                              - Undefined Weak Reference
    __Vectors_Size                           0x000000ec   Number         0  startup_stm32f103xb.o ABSOLUTE
    __Vectors                                0x08000000   Data           4  startup_stm32f103xb.o(RESET)
    __Vectors_End                            0x080000ec   Data           0  startup_stm32f103xb.o(RESET)
    __main                                   0x080000ed   Thumb Code     8  __main.o(!!!main)
    __scatterload                            0x080000f5   Thumb Code     0  __scatter.o(!!!scatter)
    __scatterload_rt2                        0x080000f5   Thumb Code    84  __scatter.o(!!!scatter)
    __scatterload_rt2_thumb_only             0x080000f5   Thumb Code     0  __scatter.o(!!!scatter)
    __scatterload_loop                       0x080000ff   Thumb Code     0  __scatter.o(!!!scatter)
    __scatterload_copy                       0x08000151   Thumb Code    26  __scatter_copy.o(!!handler_copy)
    __scatterload_null                       0x0800016d   Thumb Code     2  __scatter.o(!!handler_null)
    __scatterload_zeroinit                   0x08000171   Thumb Code    28  __scatter_zi.o(!!handler_zi)
    __rt_lib_init                            0x0800018d   Thumb Code     0  libinit.o(.ARM.Collect$$libinit$$00000000)
    __rt_lib_init_fp_1                       0x0800018f   Thumb Code     0  libinit2.o(.ARM.Collect$$libinit$$00000002)
    __rt_lib_init_heap_1                     0x0800018f   Thumb Code     0  libinit2.o(.ARM.Collect$$libinit$$0000000C)
    __rt_lib_init_lc_common                  0x0800018f   Thumb Code     0  libinit2.o(.ARM.Collect$$libinit$$00000011)
    __rt_lib_init_preinit_1                  0x0800018f   Thumb Code     0  libinit2.o(.ARM.Collect$$libinit$$00000006)
    __rt_lib_init_rand_1                     0x0800018f   Thumb Code     0  libinit2.o(.ARM.Collect$$libinit$$00000010)
    __rt_lib_init_relocate_pie_1             0x0800018f   Thumb Code     0  libinit2.o(.ARM.Collect$$libinit$$00000004)
    __rt_lib_init_user_alloc_1               0x0800018f   Thumb Code     0  libinit2.o(.ARM.Collect$$libinit$$0000000E)
    __rt_lib_init_lc_collate_1               0x08000195   Thumb Code     0  libinit2.o(.ARM.Collect$$libinit$$00000013)
    __rt_lib_init_lc_ctype_2                 0x08000195   Thumb Code     0  libinit2.o(.ARM.Collect$$libinit$$00000014)
    __rt_lib_init_alloca_1                   0x080001a1   Thumb Code     0  libinit2.o(.ARM.Collect$$libinit$$00000030)
    __rt_lib_init_argv_1                     0x080001a1   Thumb Code     0  libinit2.o(.ARM.Collect$$libinit$$0000002E)
    __rt_lib_init_atexit_1                   0x080001a1   Thumb Code     0  libinit2.o(.ARM.Collect$$libinit$$0000001D)
    __rt_lib_init_clock_1                    0x080001a1   Thumb Code     0  libinit2.o(.ARM.Collect$$libinit$$00000023)
    __rt_lib_init_cpp_1                      0x080001a1   Thumb Code     0  libinit2.o(.ARM.Collect$$libinit$$00000034)
    __rt_lib_init_exceptions_1               0x080001a1   Thumb Code     0  libinit2.o(.ARM.Collect$$libinit$$00000032)
    __rt_lib_init_fp_trap_1                  0x080001a1   Thumb Code     0  libinit2.o(.ARM.Collect$$libinit$$00000021)
    __rt_lib_init_getenv_1                   0x080001a1   Thumb Code     0  libinit2.o(.ARM.Collect$$libinit$$00000025)
    __rt_lib_init_lc_ctype_1                 0x080001a1   Thumb Code     0  libinit2.o(.ARM.Collect$$libinit$$00000015)
    __rt_lib_init_lc_monetary_1              0x080001a1   Thumb Code     0  libinit2.o(.ARM.Collect$$libinit$$00000017)
    __rt_lib_init_lc_numeric_1               0x080001a1   Thumb Code     0  libinit2.o(.ARM.Collect$$libinit$$00000019)
    __rt_lib_init_lc_time_1                  0x080001a1   Thumb Code     0  libinit2.o(.ARM.Collect$$libinit$$0000001B)
    __rt_lib_init_return                     0x080001a1   Thumb Code     0  libinit2.o(.ARM.Collect$$libinit$$00000035)
    __rt_lib_init_signal_1                   0x080001a1   Thumb Code     0  libinit2.o(.ARM.Collect$$libinit$$0000001F)
    __rt_lib_init_stdio_1                    0x080001a1   Thumb Code     0  libinit2.o(.ARM.Collect$$libinit$$00000027)
    __rt_lib_shutdown                        0x080001a3   Thumb Code     0  libshutdown.o(.ARM.Collect$$libshutdown$$00000000)
    __rt_lib_shutdown_cpp_1                  0x080001a5   Thumb Code     0  libshutdown2.o(.ARM.Collect$$libshutdown$$00000002)
    __rt_lib_shutdown_fp_trap_1              0x080001a5   Thumb Code     0  libshutdown2.o(.ARM.Collect$$libshutdown$$00000007)
    __rt_lib_shutdown_heap_1                 0x080001a5   Thumb Code     0  libshutdown2.o(.ARM.Collect$$libshutdown$$0000000F)
    __rt_lib_shutdown_return                 0x080001a5   Thumb Code     0  libshutdown2.o(.ARM.Collect$$libshutdown$$00000010)
    __rt_lib_shutdown_signal_1               0x080001a5   Thumb Code     0  libshutdown2.o(.ARM.Collect$$libshutdown$$0000000A)
    __rt_lib_shutdown_stdio_1                0x080001a5   Thumb Code     0  libshutdown2.o(.ARM.Collect$$libshutdown$$00000004)
    __rt_lib_shutdown_user_alloc_1           0x080001a5   Thumb Code     0  libshutdown2.o(.ARM.Collect$$libshutdown$$0000000C)
    __rt_entry                               0x080001a7   Thumb Code     0  __rtentry.o(.ARM.Collect$$rtentry$$00000000)
    __rt_entry_presh_1                       0x080001a7   Thumb Code     0  __rtentry2.o(.ARM.Collect$$rtentry$$00000002)
    __rt_entry_sh                            0x080001a7   Thumb Code     0  __rtentry4.o(.ARM.Collect$$rtentry$$00000004)
    __rt_entry_li                            0x080001ad   Thumb Code     0  __rtentry2.o(.ARM.Collect$$rtentry$$0000000A)
    __rt_entry_postsh_1                      0x080001ad   Thumb Code     0  __rtentry2.o(.ARM.Collect$$rtentry$$00000009)
    __rt_entry_main                          0x080001b1   Thumb Code     0  __rtentry2.o(.ARM.Collect$$rtentry$$0000000D)
    __rt_entry_postli_1                      0x080001b1   Thumb Code     0  __rtentry2.o(.ARM.Collect$$rtentry$$0000000C)
    __rt_exit                                0x080001b9   Thumb Code     0  rtexit.o(.ARM.Collect$$rtexit$$00000000)
    __rt_exit_ls                             0x080001bb   Thumb Code     0  rtexit2.o(.ARM.Collect$$rtexit$$00000003)
    __rt_exit_prels_1                        0x080001bb   Thumb Code     0  rtexit2.o(.ARM.Collect$$rtexit$$00000002)
    __rt_exit_exit                           0x080001bf   Thumb Code     0  rtexit2.o(.ARM.Collect$$rtexit$$00000004)
    Reset_Handler                            0x080001c5   Thumb Code     8  startup_stm32f103xb.o(.text)
    ADC1_2_IRQHandler                        0x080001df   Thumb Code     0  startup_stm32f103xb.o(.text)
    CAN1_RX1_IRQHandler                      0x080001df   Thumb Code     0  startup_stm32f103xb.o(.text)
    CAN1_SCE_IRQHandler                      0x080001df   Thumb Code     0  startup_stm32f103xb.o(.text)
    DMA1_Channel1_IRQHandler                 0x080001df   Thumb Code     0  startup_stm32f103xb.o(.text)
    DMA1_Channel2_IRQHandler                 0x080001df   Thumb Code     0  startup_stm32f103xb.o(.text)
    DMA1_Channel3_IRQHandler                 0x080001df   Thumb Code     0  startup_stm32f103xb.o(.text)
    DMA1_Channel6_IRQHandler                 0x080001df   Thumb Code     0  startup_stm32f103xb.o(.text)
    DMA1_Channel7_IRQHandler                 0x080001df   Thumb Code     0  startup_stm32f103xb.o(.text)
    EXTI0_IRQHandler                         0x080001df   Thumb Code     0  startup_stm32f103xb.o(.text)
    EXTI15_10_IRQHandler                     0x080001df   Thumb Code     0  startup_stm32f103xb.o(.text)
    EXTI1_IRQHandler                         0x080001df   Thumb Code     0  startup_stm32f103xb.o(.text)
    EXTI2_IRQHandler                         0x080001df   Thumb Code     0  startup_stm32f103xb.o(.text)
    EXTI3_IRQHandler                         0x080001df   Thumb Code     0  startup_stm32f103xb.o(.text)
    EXTI4_IRQHandler                         0x080001df   Thumb Code     0  startup_stm32f103xb.o(.text)
    EXTI9_5_IRQHandler                       0x080001df   Thumb Code     0  startup_stm32f103xb.o(.text)
    FLASH_IRQHandler                         0x080001df   Thumb Code     0  startup_stm32f103xb.o(.text)
    I2C1_ER_IRQHandler                       0x080001df   Thumb Code     0  startup_stm32f103xb.o(.text)
    I2C1_EV_IRQHandler                       0x080001df   Thumb Code     0  startup_stm32f103xb.o(.text)
    I2C2_ER_IRQHandler                       0x080001df   Thumb Code     0  startup_stm32f103xb.o(.text)
    I2C2_EV_IRQHandler                       0x080001df   Thumb Code     0  startup_stm32f103xb.o(.text)
    PVD_IRQHandler                           0x080001df   Thumb Code     0  startup_stm32f103xb.o(.text)
    RCC_IRQHandler                           0x080001df   Thumb Code     0  startup_stm32f103xb.o(.text)
    RTC_Alarm_IRQHandler                     0x080001df   Thumb Code     0  startup_stm32f103xb.o(.text)
    RTC_IRQHandler                           0x080001df   Thumb Code     0  startup_stm32f103xb.o(.text)
    SPI1_IRQHandler                          0x080001df   Thumb Code     0  startup_stm32f103xb.o(.text)
    SPI2_IRQHandler                          0x080001df   Thumb Code     0  startup_stm32f103xb.o(.text)
    TAMPER_IRQHandler                        0x080001df   Thumb Code     0  startup_stm32f103xb.o(.text)
    TIM1_BRK_IRQHandler                      0x080001df   Thumb Code     0  startup_stm32f103xb.o(.text)
    TIM1_CC_IRQHandler                       0x080001df   Thumb Code     0  startup_stm32f103xb.o(.text)
    TIM1_TRG_COM_IRQHandler                  0x080001df   Thumb Code     0  startup_stm32f103xb.o(.text)
    TIM1_UP_IRQHandler                       0x080001df   Thumb Code     0  startup_stm32f103xb.o(.text)
    TIM2_IRQHandler                          0x080001df   Thumb Code     0  startup_stm32f103xb.o(.text)
    TIM3_IRQHandler                          0x080001df   Thumb Code     0  startup_stm32f103xb.o(.text)
    TIM4_IRQHandler                          0x080001df   Thumb Code     0  startup_stm32f103xb.o(.text)
    USART3_IRQHandler                        0x080001df   Thumb Code     0  startup_stm32f103xb.o(.text)
    USBWakeUp_IRQHandler                     0x080001df   Thumb Code     0  startup_stm32f103xb.o(.text)
    USB_HP_CAN1_TX_IRQHandler                0x080001df   Thumb Code     0  startup_stm32f103xb.o(.text)
    USB_LP_CAN1_RX0_IRQHandler               0x080001df   Thumb Code     0  startup_stm32f103xb.o(.text)
    WWDG_IRQHandler                          0x080001df   Thumb Code     0  startup_stm32f103xb.o(.text)
    __user_initial_stackheap                 0x080001e1   Thumb Code     0  startup_stm32f103xb.o(.text)
    atoi                                     0x08000205   Thumb Code    26  atoi.o(.text)
    memcmp                                   0x0800021f   Thumb Code    88  memcmp.o(.text)
    strncpy                                  0x08000277   Thumb Code    86  strncpy.o(.text)
    __use_two_region_memory                  0x080002cd   Thumb Code     2  heapauxi.o(.text)
    __rt_heap_escrow$2region                 0x080002cf   Thumb Code     2  heapauxi.o(.text)
    __rt_heap_expand$2region                 0x080002d1   Thumb Code     2  heapauxi.o(.text)
    __aeabi_errno_addr                       0x080002d5   Thumb Code     8  rt_errno_addr_intlibspace.o(.text)
    __errno$intlibspace                      0x080002d5   Thumb Code     0  rt_errno_addr_intlibspace.o(.text)
    __rt_errno_addr$intlibspace              0x080002d5   Thumb Code     0  rt_errno_addr_intlibspace.o(.text)
    strtol                                   0x080002dd   Thumb Code   112  strtol.o(.text)
    __aeabi_memclr                           0x0800034d   Thumb Code     0  rt_memclr.o(.text)
    __rt_memclr                              0x0800034d   Thumb Code     0  rt_memclr.o(.text)
    _memset                                  0x08000351   Thumb Code    64  rt_memclr.o(.text)
    __user_libspace                          0x08000391   Thumb Code     8  libspace.o(.text)
    __user_perproc_libspace                  0x08000391   Thumb Code     0  libspace.o(.text)
    __user_perthread_libspace                0x08000391   Thumb Code     0  libspace.o(.text)
    __rt_ctype_table                         0x08000399   Thumb Code    16  rt_ctype_table.o(.text)
    _strtoul                                 0x080003a9   Thumb Code   158  _strtoul.o(.text)
    __aeabi_memclr4                          0x08000447   Thumb Code     0  rt_memclr_w.o(.text)
    __aeabi_memclr8                          0x08000447   Thumb Code     0  rt_memclr_w.o(.text)
    __rt_memclr_w                            0x08000447   Thumb Code     0  rt_memclr_w.o(.text)
    _memset_w                                0x0800044b   Thumb Code    74  rt_memclr_w.o(.text)
    __user_setup_stackheap                   0x08000495   Thumb Code    74  sys_stackheap_outer.o(.text)
    __rt_locale                              0x080004e1   Thumb Code     8  rt_locale_intlibspace.o(.text)
    _chval                                   0x080004e9   Thumb Code    28  _chval.o(.text)
    exit                                     0x08000505   Thumb Code    18  exit.o(.text)
    strcmp                                   0x08000519   Thumb Code   128  strcmpv7m.o(.text)
    _sys_exit                                0x08000599   Thumb Code     8  sys_exit.o(.text)
    __I$use$semihosting                      0x080005a5   Thumb Code     0  use_no_semi.o(.text)
    __use_no_semihosting_swi                 0x080005a5   Thumb Code     2  use_no_semi.o(.text)
    __semihosting_library_function           0x080005a7   Thumb Code     0  indicate_semi.o(.text)
    BusFault_Handler                         0x080005a9   Thumb Code     2  stm32f1xx_it.o(.text.BusFault_Handler)
    DMA1_Channel4_IRQHandler                 0x080005ad   Thumb Code    12  stm32f1xx_it.o(.text.DMA1_Channel4_IRQHandler)
    DMA1_Channel5_IRQHandler                 0x080005b9   Thumb Code    12  stm32f1xx_it.o(.text.DMA1_Channel5_IRQHandler)
    DebugMon_Handler                         0x080005c5   Thumb Code     2  stm32f1xx_it.o(.text.DebugMon_Handler)
    Emm_V5_En_Control                        0x08000635   Thumb Code    46  emm_v5.o(.text.Emm_V5_En_Control)
    Emm_V5_Modify_Ctrl_Mode                  0x08000665   Thumb Code    46  emm_v5.o(.text.Emm_V5_Modify_Ctrl_Mode)
    Emm_V5_Modify_FOC_mA                     0x08000695   Thumb Code    50  emm_v5.o(.text.Emm_V5_Modify_FOC_mA)
    Emm_V5_Origin_Set_O                      0x080006c9   Thumb Code    44  emm_v5.o(.text.Emm_V5_Origin_Set_O)
    Emm_V5_Origin_Trigger_Return             0x080006f5   Thumb Code    42  emm_v5.o(.text.Emm_V5_Origin_Trigger_Return)
    Emm_V5_QPos_Control                      0x08000721   Thumb Code   198  emm_v5.o(.text.Emm_V5_QPos_Control)
    Emm_V5_Set_QPos_Params                   0x080007e9   Thumb Code    72  emm_v5.o(.text.Emm_V5_Set_QPos_Params)
    Emm_V5_Stop_Now                          0x08000831   Thumb Code    44  emm_v5.o(.text.Emm_V5_Stop_Now)
    Emm_V5_Vel_Control                       0x0800085d   Thumb Code    72  emm_v5.o(.text.Emm_V5_Vel_Control)
    Error_Handler                            0x080008a5   Thumb Code    10  main.o(.text.Error_Handler)
    HAL_DMA_Abort                            0x080008b1   Thumb Code    70  stm32f1xx_hal_dma.o(.text.HAL_DMA_Abort)
    HAL_DMA_Abort_IT                         0x080008f9   Thumb Code   182  stm32f1xx_hal_dma.o(.text.HAL_DMA_Abort_IT)
    HAL_DMA_IRQHandler                       0x080009b1   Thumb Code   416  stm32f1xx_hal_dma.o(.text.HAL_DMA_IRQHandler)
    HAL_DMA_Init                             0x08000b51   Thumb Code   132  stm32f1xx_hal_dma.o(.text.HAL_DMA_Init)
    HAL_DMA_Start_IT                         0x08000bd5   Thumb Code   160  stm32f1xx_hal_dma.o(.text.HAL_DMA_Start_IT)
    HAL_Delay                                0x08000c75   Thumb Code    40  stm32f1xx_hal.o(.text.HAL_Delay)
    HAL_GPIO_Init                            0x08000c9d   Thumb Code   526  stm32f1xx_hal_gpio.o(.text.HAL_GPIO_Init)
    HAL_GPIO_TogglePin                       0x08000ead   Thumb Code    16  stm32f1xx_hal_gpio.o(.text.HAL_GPIO_TogglePin)
    HAL_GPIO_WritePin                        0x08000ebd   Thumb Code    10  stm32f1xx_hal_gpio.o(.text.HAL_GPIO_WritePin)
    HAL_GetTick                              0x08000ec9   Thumb Code    12  stm32f1xx_hal.o(.text.HAL_GetTick)
    HAL_IncTick                              0x08000ed5   Thumb Code    26  stm32f1xx_hal.o(.text.HAL_IncTick)
    HAL_Init                                 0x08000ef1   Thumb Code    38  stm32f1xx_hal.o(.text.HAL_Init)
    HAL_InitTick                             0x08000f19   Thumb Code    72  stm32f1xx_hal.o(.text.HAL_InitTick)
    HAL_MspInit                              0x08000f61   Thumb Code    66  stm32f1xx_hal_msp.o(.text.HAL_MspInit)
    HAL_NVIC_EnableIRQ                       0x08000fa5   Thumb Code    34  stm32f1xx_hal_cortex.o(.text.HAL_NVIC_EnableIRQ)
    HAL_NVIC_SetPriority                     0x08000fc9   Thumb Code    86  stm32f1xx_hal_cortex.o(.text.HAL_NVIC_SetPriority)
    HAL_NVIC_SetPriorityGrouping             0x08001021   Thumb Code    32  stm32f1xx_hal_cortex.o(.text.HAL_NVIC_SetPriorityGrouping)
    HAL_RCC_ClockConfig                      0x08001041   Thumb Code   442  stm32f1xx_hal_rcc.o(.text.HAL_RCC_ClockConfig)
    HAL_RCC_GetPCLK1Freq                     0x080011fd   Thumb Code    38  stm32f1xx_hal_rcc.o(.text.HAL_RCC_GetPCLK1Freq)
    HAL_RCC_GetPCLK2Freq                     0x08001225   Thumb Code    38  stm32f1xx_hal_rcc.o(.text.HAL_RCC_GetPCLK2Freq)
    HAL_RCC_OscConfig                        0x0800124d   Thumb Code  1024  stm32f1xx_hal_rcc.o(.text.HAL_RCC_OscConfig)
    HAL_SYSTICK_Config                       0x0800164d   Thumb Code    44  stm32f1xx_hal_cortex.o(.text.HAL_SYSTICK_Config)
    HAL_UARTEx_RxEventCallback               0x08001679   Thumb Code     2  stm32f1xx_hal_uart.o(.text.HAL_UARTEx_RxEventCallback)
    HAL_UART_ErrorCallback                   0x0800167d   Thumb Code     2  stm32f1xx_hal_uart.o(.text.HAL_UART_ErrorCallback)
    HAL_UART_IRQHandler                      0x08001681   Thumb Code  1392  stm32f1xx_hal_uart.o(.text.HAL_UART_IRQHandler)
    HAL_UART_Init                            0x08001bf1   Thumb Code   226  stm32f1xx_hal_uart.o(.text.HAL_UART_Init)
    HAL_UART_MspInit                         0x08001cd5   Thumb Code   366  usart.o(.text.HAL_UART_MspInit)
    HAL_UART_Receive_IT                      0x08001e45   Thumb Code    84  stm32f1xx_hal_uart.o(.text.HAL_UART_Receive_IT)
    HAL_UART_RxCpltCallback                  0x08001e99   Thumb Code   300  main.o(.text.HAL_UART_RxCpltCallback)
    HAL_UART_Transmit                        0x08001fd1   Thumb Code   402  stm32f1xx_hal_uart.o(.text.HAL_UART_Transmit)
    HAL_UART_Transmit_DMA                    0x08002165   Thumb Code   194  stm32f1xx_hal_uart.o(.text.HAL_UART_Transmit_DMA)
    HAL_UART_TxCpltCallback                  0x08002229   Thumb Code    30  main.o(.text.HAL_UART_TxCpltCallback)
    HAL_UART_TxHalfCpltCallback              0x08002249   Thumb Code     2  stm32f1xx_hal_uart.o(.text.HAL_UART_TxHalfCpltCallback)
    HardFault_Handler                        0x0800224d   Thumb Code     2  stm32f1xx_it.o(.text.HardFault_Handler)
    MX_DMA_Init                              0x08002251   Thumb Code    68  dma.o(.text.MX_DMA_Init)
    MX_GPIO_Init                             0x08002295   Thumb Code   124  gpio.o(.text.MX_GPIO_Init)
    MX_USART1_UART_Init                      0x08002311   Thumb Code    60  usart.o(.text.MX_USART1_UART_Init)
    MX_USART2_UART_Init                      0x0800234d   Thumb Code    60  usart.o(.text.MX_USART2_UART_Init)
    MemManage_Handler                        0x08002389   Thumb Code     2  stm32f1xx_it.o(.text.MemManage_Handler)
    NMI_Handler                              0x08002469   Thumb Code     2  stm32f1xx_it.o(.text.NMI_Handler)
    PendSV_Handler                           0x0800246d   Thumb Code     2  stm32f1xx_it.o(.text.PendSV_Handler)
    SVC_Handler                              0x08002471   Thumb Code     2  stm32f1xx_it.o(.text.SVC_Handler)
    SysTick_Handler                          0x08002475   Thumb Code     4  stm32f1xx_it.o(.text.SysTick_Handler)
    SystemInit                               0x08002479   Thumb Code     2  system_stm32f1xx.o(.text.SystemInit)
    USART1_IRQHandler                        0x080027bd   Thumb Code    12  stm32f1xx_it.o(.text.USART1_IRQHandler)
    USART2_IRQHandler                        0x080027c9   Thumb Code    12  stm32f1xx_it.o(.text.USART2_IRQHandler)
    UsageFault_Handler                       0x080027d5   Thumb Code     2  stm32f1xx_it.o(.text.UsageFault_Handler)
    main                                     0x080027d9   Thumb Code  3800  main.o(.text.main)
    _get_lc_ctype                            0x08003725   Thumb Code    44  lc_ctype_c.o(locale$$code)
    __aeabi_fadd                             0x08003751   Thumb Code     0  faddsub_clz.o(x$fpl$fadd)
    _fadd                                    0x08003751   Thumb Code   196  faddsub_clz.o(x$fpl$fadd)
    __aeabi_fcmpeq                           0x08003815   Thumb Code     0  fcmp.o(x$fpl$fcmp)
    _feq                                     0x08003815   Thumb Code    14  fcmp.o(x$fpl$fcmp)
    _fneq                                    0x08003823   Thumb Code    14  fcmp.o(x$fpl$fcmp)
    __aeabi_fcmpgt                           0x08003831   Thumb Code     0  fcmp.o(x$fpl$fcmp)
    _fgr                                     0x08003831   Thumb Code    14  fcmp.o(x$fpl$fcmp)
    __aeabi_fcmpge                           0x0800383f   Thumb Code     0  fcmp.o(x$fpl$fcmp)
    _fgeq                                    0x0800383f   Thumb Code    14  fcmp.o(x$fpl$fcmp)
    __aeabi_fcmple                           0x0800384d   Thumb Code     0  fcmp.o(x$fpl$fcmp)
    _fleq                                    0x0800384d   Thumb Code    14  fcmp.o(x$fpl$fcmp)
    __aeabi_fcmplt                           0x0800385b   Thumb Code     0  fcmp.o(x$fpl$fcmp)
    _fls                                     0x0800385b   Thumb Code    14  fcmp.o(x$fpl$fcmp)
    __fpl_fcmp_Inf                           0x08003869   Thumb Code    24  fcmpi.o(x$fpl$fcmpinf)
    __aeabi_fdiv                             0x08003881   Thumb Code     0  fdiv.o(x$fpl$fdiv)
    _fdiv                                    0x08003881   Thumb Code   384  fdiv.o(x$fpl$fdiv)
    __aeabi_cfcmpeq                          0x08003a05   Thumb Code     0  feqf.o(x$fpl$feqf)
    _fcmpeq                                  0x08003a05   Thumb Code   104  feqf.o(x$fpl$feqf)
    __aeabi_f2iz                             0x08003a6d   Thumb Code     0  ffix.o(x$fpl$ffix)
    _ffix                                    0x08003a6d   Thumb Code    54  ffix.o(x$fpl$ffix)
    __aeabi_i2f                              0x08003aa5   Thumb Code     0  fflt_clz.o(x$fpl$fflt)
    _fflt                                    0x08003aa5   Thumb Code    48  fflt_clz.o(x$fpl$fflt)
    _fcmpge                                  0x08003ad5   Thumb Code   104  fgeqf.o(x$fpl$fgeqf)
    __aeabi_cfcmple                          0x08003b3d   Thumb Code     0  fleqf.o(x$fpl$fleqf)
    _fcmple                                  0x08003b3d   Thumb Code   104  fleqf.o(x$fpl$fleqf)
    __fpl_fcmple_InfNaN                      0x08003b8f   Thumb Code     0  fleqf.o(x$fpl$fleqf)
    __aeabi_fmul                             0x08003ba5   Thumb Code     0  fmul.o(x$fpl$fmul)
    _fmul                                    0x08003ba5   Thumb Code   258  fmul.o(x$fpl$fmul)
    __fpl_fnaninf                            0x08003ca7   Thumb Code   140  fnaninf.o(x$fpl$fnaninf)
    __fpl_fretinf                            0x08003d33   Thumb Code    10  fretinf.o(x$fpl$fretinf)
    __aeabi_fsub                             0x08003d3d   Thumb Code     0  faddsub_clz.o(x$fpl$fsub)
    _fsub                                    0x08003d3d   Thumb Code   234  faddsub_clz.o(x$fpl$fsub)
    AHBPrescTable                            0x08003e26   Data          16  system_stm32f1xx.o(.rodata.AHBPrescTable)
    __I$use$fp                               0x08003e26   Number         0  usenofp.o(x$fpl$usenofp)
    APBPrescTable                            0x08003e36   Data           8  system_stm32f1xx.o(.rodata.APBPrescTable)
    Region$$Table$$Base                      0x08003e50   Number         0  anon$$obj.o(Region$$Table)
    Region$$Table$$Limit                     0x08003e70   Number         0  anon$$obj.o(Region$$Table)
    __ctype                                  0x08003e7d   Data           0  lc_ctype_c.o(locale$$data)
    uwTickFreq                               0x20000000   Data           1  stm32f1xx_hal.o(.data..L_MergedGlobals)
    uwTickPrio                               0x20000004   Data           4  stm32f1xx_hal.o(.data..L_MergedGlobals)
    SystemCoreClock                          0x20000008   Data           4  system_stm32f1xx.o(.data.SystemCoreClock)
    __libspace_start                         0x20000010   Data          96  libspace.o(.bss)
    __temporary_stack_top$libspace           0x20000070   Data           0  libspace.o(.bss)
    rx_byte                                  0x20000070   Data           1  main.o(.bss..L_MergedGlobals)
    rx_idx                                   0x20000071   Data           1  main.o(.bss..L_MergedGlobals)
    track_new                                0x20000072   Data           1  main.o(.bss..L_MergedGlobals)
    track_lost                               0x20000073   Data           1  main.o(.bss..L_MergedGlobals)
    home_req                                 0x20000074   Data           1  main.o(.bss..L_MergedGlobals)
    save_req                                 0x20000075   Data           1  main.o(.bss..L_MergedGlobals)
    scan_req                                 0x20000076   Data           1  main.o(.bss..L_MergedGlobals)
    uart1_tx_busy                            0x20000077   Data           1  main.o(.bss..L_MergedGlobals)
    motor_enabled                            0x20000078   Data           1  main.o(.bss..L_MergedGlobals)
    scan_state                               0x20000079   Data           1  main.o(.bss..L_MergedGlobals)
    scan_failed                              0x2000007a   Data           1  main.o(.bss..L_MergedGlobals)
    track_x                                  0x2000007e   Data           2  main.o(.bss..L_MergedGlobals)
    track_y                                  0x20000080   Data           2  main.o(.bss..L_MergedGlobals)
    last_track_ms                            0x20000084   Data           4  main.o(.bss..L_MergedGlobals)
    rx_buf                                   0x200000ac   Data          32  main.o(.bss..L_MergedGlobals)
    MMCL_count                               0x200000cc   Data           2  emm_v5.o(.bss..L_MergedGlobals)
    hdma_usart1_rx                           0x20000190   Data          68  usart.o(.bss.hdma_usart1_rx)
    hdma_usart1_tx                           0x200001d4   Data          68  usart.o(.bss.hdma_usart1_tx)
    huart1                                   0x20000218   Data          72  usart.o(.bss.huart1)
    huart2                                   0x20000260   Data          72  usart.o(.bss.huart2)
    uwTick                                   0x200002a8   Data           4  stm32f1xx_hal.o(.bss.uwTick)



==============================================================================

Memory Map of the image

  Image Entry point : 0x080000ed

  Load Region LR_IROM1 (Base: 0x08000000, Size: 0x00003f90, Max: 0x00010000, ABSOLUTE)

    Execution Region ER_IROM1 (Exec base: 0x08000000, Load base: 0x08000000, Size: 0x00003f80, Max: 0x00010000, ABSOLUTE)

    Exec Addr    Load Addr    Size         Type   Attr      Idx    E Section Name        Object

    0x08000000   0x08000000   0x000000ec   Data   RO            3    RESET               startup_stm32f103xb.o
    0x080000ec   0x080000ec   0x00000008   Code   RO          803  * !!!main             c_w.l(__main.o)
    0x080000f4   0x080000f4   0x0000005c   Code   RO         1032    !!!scatter          c_w.l(__scatter.o)
    0x08000150   0x08000150   0x0000001a   Code   RO         1036    !!handler_copy      c_w.l(__scatter_copy.o)
    0x0800016a   0x0800016a   0x00000002   PAD
    0x0800016c   0x0800016c   0x00000002   Code   RO         1033    !!handler_null      c_w.l(__scatter.o)
    0x0800016e   0x0800016e   0x00000002   PAD
    0x08000170   0x08000170   0x0000001c   Code   RO         1038    !!handler_zi        c_w.l(__scatter_zi.o)
    0x0800018c   0x0800018c   0x00000002   Code   RO          895    .ARM.Collect$$libinit$$00000000  c_w.l(libinit.o)
    0x0800018e   0x0800018e   0x00000000   Code   RO          901    .ARM.Collect$$libinit$$00000002  c_w.l(libinit2.o)
    0x0800018e   0x0800018e   0x00000000   Code   RO          903    .ARM.Collect$$libinit$$00000004  c_w.l(libinit2.o)
    0x0800018e   0x0800018e   0x00000000   Code   RO          905    .ARM.Collect$$libinit$$00000006  c_w.l(libinit2.o)
    0x0800018e   0x0800018e   0x00000000   Code   RO          908    .ARM.Collect$$libinit$$0000000C  c_w.l(libinit2.o)
    0x0800018e   0x0800018e   0x00000000   Code   RO          910    .ARM.Collect$$libinit$$0000000E  c_w.l(libinit2.o)
    0x0800018e   0x0800018e   0x00000000   Code   RO          912    .ARM.Collect$$libinit$$00000010  c_w.l(libinit2.o)
    0x0800018e   0x0800018e   0x00000006   Code   RO          913    .ARM.Collect$$libinit$$00000011  c_w.l(libinit2.o)
    0x08000194   0x08000194   0x00000000   Code   RO          915    .ARM.Collect$$libinit$$00000013  c_w.l(libinit2.o)
    0x08000194   0x08000194   0x0000000c   Code   RO          916    .ARM.Collect$$libinit$$00000014  c_w.l(libinit2.o)
    0x080001a0   0x080001a0   0x00000000   Code   RO          917    .ARM.Collect$$libinit$$00000015  c_w.l(libinit2.o)
    0x080001a0   0x080001a0   0x00000000   Code   RO          919    .ARM.Collect$$libinit$$00000017  c_w.l(libinit2.o)
    0x080001a0   0x080001a0   0x00000000   Code   RO          921    .ARM.Collect$$libinit$$00000019  c_w.l(libinit2.o)
    0x080001a0   0x080001a0   0x00000000   Code   RO          923    .ARM.Collect$$libinit$$0000001B  c_w.l(libinit2.o)
    0x080001a0   0x080001a0   0x00000000   Code   RO          925    .ARM.Collect$$libinit$$0000001D  c_w.l(libinit2.o)
    0x080001a0   0x080001a0   0x00000000   Code   RO          927    .ARM.Collect$$libinit$$0000001F  c_w.l(libinit2.o)
    0x080001a0   0x080001a0   0x00000000   Code   RO          929    .ARM.Collect$$libinit$$00000021  c_w.l(libinit2.o)
    0x080001a0   0x080001a0   0x00000000   Code   RO          931    .ARM.Collect$$libinit$$00000023  c_w.l(libinit2.o)
    0x080001a0   0x080001a0   0x00000000   Code   RO          933    .ARM.Collect$$libinit$$00000025  c_w.l(libinit2.o)
    0x080001a0   0x080001a0   0x00000000   Code   RO          935    .ARM.Collect$$libinit$$00000027  c_w.l(libinit2.o)
    0x080001a0   0x080001a0   0x00000000   Code   RO          939    .ARM.Collect$$libinit$$0000002E  c_w.l(libinit2.o)
    0x080001a0   0x080001a0   0x00000000   Code   RO          941    .ARM.Collect$$libinit$$00000030  c_w.l(libinit2.o)
    0x080001a0   0x080001a0   0x00000000   Code   RO          943    .ARM.Collect$$libinit$$00000032  c_w.l(libinit2.o)
    0x080001a0   0x080001a0   0x00000000   Code   RO          945    .ARM.Collect$$libinit$$00000034  c_w.l(libinit2.o)
    0x080001a0   0x080001a0   0x00000002   Code   RO          946    .ARM.Collect$$libinit$$00000035  c_w.l(libinit2.o)
    0x080001a2   0x080001a2   0x00000002   Code   RO          968    .ARM.Collect$$libshutdown$$00000000  c_w.l(libshutdown.o)
    0x080001a4   0x080001a4   0x00000000   Code   RO          983    .ARM.Collect$$libshutdown$$00000002  c_w.l(libshutdown2.o)
    0x080001a4   0x080001a4   0x00000000   Code   RO          985    .ARM.Collect$$libshutdown$$00000004  c_w.l(libshutdown2.o)
    0x080001a4   0x080001a4   0x00000000   Code   RO          988    .ARM.Collect$$libshutdown$$00000007  c_w.l(libshutdown2.o)
    0x080001a4   0x080001a4   0x00000000   Code   RO          991    .ARM.Collect$$libshutdown$$0000000A  c_w.l(libshutdown2.o)
    0x080001a4   0x080001a4   0x00000000   Code   RO          993    .ARM.Collect$$libshutdown$$0000000C  c_w.l(libshutdown2.o)
    0x080001a4   0x080001a4   0x00000000   Code   RO          996    .ARM.Collect$$libshutdown$$0000000F  c_w.l(libshutdown2.o)
    0x080001a4   0x080001a4   0x00000002   Code   RO          997    .ARM.Collect$$libshutdown$$00000010  c_w.l(libshutdown2.o)
    0x080001a6   0x080001a6   0x00000000   Code   RO          829    .ARM.Collect$$rtentry$$00000000  c_w.l(__rtentry.o)
    0x080001a6   0x080001a6   0x00000000   Code   RO          854    .ARM.Collect$$rtentry$$00000002  c_w.l(__rtentry2.o)
    0x080001a6   0x080001a6   0x00000006   Code   RO          866    .ARM.Collect$$rtentry$$00000004  c_w.l(__rtentry4.o)
    0x080001ac   0x080001ac   0x00000000   Code   RO          856    .ARM.Collect$$rtentry$$00000009  c_w.l(__rtentry2.o)
    0x080001ac   0x080001ac   0x00000004   Code   RO          857    .ARM.Collect$$rtentry$$0000000A  c_w.l(__rtentry2.o)
    0x080001b0   0x080001b0   0x00000000   Code   RO          859    .ARM.Collect$$rtentry$$0000000C  c_w.l(__rtentry2.o)
    0x080001b0   0x080001b0   0x00000008   Code   RO          860    .ARM.Collect$$rtentry$$0000000D  c_w.l(__rtentry2.o)
    0x080001b8   0x080001b8   0x00000002   Code   RO          896    .ARM.Collect$$rtexit$$00000000  c_w.l(rtexit.o)
    0x080001ba   0x080001ba   0x00000000   Code   RO          948    .ARM.Collect$$rtexit$$00000002  c_w.l(rtexit2.o)
    0x080001ba   0x080001ba   0x00000004   Code   RO          949    .ARM.Collect$$rtexit$$00000003  c_w.l(rtexit2.o)
    0x080001be   0x080001be   0x00000006   Code   RO          950    .ARM.Collect$$rtexit$$00000004  c_w.l(rtexit2.o)
    0x080001c4   0x080001c4   0x00000040   Code   RO            4    .text               startup_stm32f103xb.o
    0x08000204   0x08000204   0x0000001a   Code   RO          795    .text               c_w.l(atoi.o)
    0x0800021e   0x0800021e   0x00000058   Code   RO          797    .text               c_w.l(memcmp.o)
    0x08000276   0x08000276   0x00000056   Code   RO          799    .text               c_w.l(strncpy.o)
    0x080002cc   0x080002cc   0x00000006   Code   RO          801    .text               c_w.l(heapauxi.o)
    0x080002d2   0x080002d2   0x00000002   PAD
    0x080002d4   0x080002d4   0x00000008   Code   RO          833    .text               c_w.l(rt_errno_addr_intlibspace.o)
    0x080002dc   0x080002dc   0x00000070   Code   RO          835    .text               c_w.l(strtol.o)
    0x0800034c   0x0800034c   0x00000044   Code   RO          837    .text               c_w.l(rt_memclr.o)
    0x08000390   0x08000390   0x00000008   Code   RO          850    .text               c_w.l(libspace.o)
    0x08000398   0x08000398   0x00000010   Code   RO          868    .text               c_w.l(rt_ctype_table.o)
    0x080003a8   0x080003a8   0x0000009e   Code   RO          870    .text               c_w.l(_strtoul.o)
    0x08000446   0x08000446   0x0000004e   Code   RO          872    .text               c_w.l(rt_memclr_w.o)
    0x08000494   0x08000494   0x0000004a   Code   RO          876    .text               c_w.l(sys_stackheap_outer.o)
    0x080004de   0x080004de   0x00000002   PAD
    0x080004e0   0x080004e0   0x00000008   Code   RO          881    .text               c_w.l(rt_locale_intlibspace.o)
    0x080004e8   0x080004e8   0x0000001c   Code   RO          883    .text               c_w.l(_chval.o)
    0x08000504   0x08000504   0x00000012   Code   RO          888    .text               c_w.l(exit.o)
    0x08000516   0x08000516   0x00000002   PAD
    0x08000518   0x08000518   0x00000080   Code   RO          898    .text               c_w.l(strcmpv7m.o)
    0x08000598   0x08000598   0x0000000c   Code   RO          958    .text               c_w.l(sys_exit.o)
    0x080005a4   0x080005a4   0x00000002   Code   RO          973    .text               c_w.l(use_no_semi.o)
    0x080005a6   0x080005a6   0x00000000   Code   RO          975    .text               c_w.l(indicate_semi.o)
    0x080005a6   0x080005a6   0x00000002   PAD
    0x080005a8   0x080005a8   0x00000002   Code   RO           82    .text.BusFault_Handler  stm32f1xx_it.o
    0x080005aa   0x080005aa   0x00000002   PAD
    0x080005ac   0x080005ac   0x0000000c   Code   RO           94    .text.DMA1_Channel4_IRQHandler  stm32f1xx_it.o
    0x080005b8   0x080005b8   0x0000000c   Code   RO           96    .text.DMA1_Channel5_IRQHandler  stm32f1xx_it.o
    0x080005c4   0x080005c4   0x00000002   Code   RO           88    .text.DebugMon_Handler  stm32f1xx_it.o
    0x080005c6   0x080005c6   0x00000002   PAD
    0x080005c8   0x080005c8   0x0000006a   Code   RO           19    .text.Do_Home       main.o
    0x08000632   0x08000632   0x00000002   PAD
    0x08000634   0x08000634   0x0000002e   Code   RO          597    .text.Emm_V5_En_Control  emm_v5.o
    0x08000662   0x08000662   0x00000002   PAD
    0x08000664   0x08000664   0x0000002e   Code   RO          641    .text.Emm_V5_Modify_Ctrl_Mode  emm_v5.o
    0x08000692   0x08000692   0x00000002   PAD
    0x08000694   0x08000694   0x00000032   Code   RO          651    .text.Emm_V5_Modify_FOC_mA  emm_v5.o
    0x080006c6   0x080006c6   0x00000002   PAD
    0x080006c8   0x080006c8   0x0000002c   Code   RO          611    .text.Emm_V5_Origin_Set_O  emm_v5.o
    0x080006f4   0x080006f4   0x0000002a   Code   RO          613    .text.Emm_V5_Origin_Trigger_Return  emm_v5.o
    0x0800071e   0x0800071e   0x00000002   PAD
    0x08000720   0x08000720   0x000000c6   Code   RO          605    .text.Emm_V5_QPos_Control  emm_v5.o
    0x080007e6   0x080007e6   0x00000002   PAD
    0x080007e8   0x080007e8   0x00000048   Code   RO          603    .text.Emm_V5_Set_QPos_Params  emm_v5.o
    0x08000830   0x08000830   0x0000002c   Code   RO          607    .text.Emm_V5_Stop_Now  emm_v5.o
    0x0800085c   0x0800085c   0x00000048   Code   RO          599    .text.Emm_V5_Vel_Control  emm_v5.o
    0x080008a4   0x080008a4   0x0000000a   Code   RO           23    .text.Error_Handler  main.o
    0x080008ae   0x080008ae   0x00000002   PAD
    0x080008b0   0x080008b0   0x00000046   Code   RO          396    .text.HAL_DMA_Abort  stm32f1xx_hal_dma.o
    0x080008f6   0x080008f6   0x00000002   PAD
    0x080008f8   0x080008f8   0x000000b6   Code   RO          398    .text.HAL_DMA_Abort_IT  stm32f1xx_hal_dma.o
    0x080009ae   0x080009ae   0x00000002   PAD
    0x080009b0   0x080009b0   0x000001a0   Code   RO          402    .text.HAL_DMA_IRQHandler  stm32f1xx_hal_dma.o
    0x08000b50   0x08000b50   0x00000084   Code   RO          388    .text.HAL_DMA_Init  stm32f1xx_hal_dma.o
    0x08000bd4   0x08000bd4   0x000000a0   Code   RO          394    .text.HAL_DMA_Start_IT  stm32f1xx_hal_dma.o
    0x08000c74   0x08000c74   0x00000028   Code   RO          272    .text.HAL_Delay     stm32f1xx_hal.o
    0x08000c9c   0x08000c9c   0x0000020e   Code   RO          364    .text.HAL_GPIO_Init  stm32f1xx_hal_gpio.o
    0x08000eaa   0x08000eaa   0x00000002   PAD
    0x08000eac   0x08000eac   0x00000010   Code   RO          372    .text.HAL_GPIO_TogglePin  stm32f1xx_hal_gpio.o
    0x08000ebc   0x08000ebc   0x0000000a   Code   RO          370    .text.HAL_GPIO_WritePin  stm32f1xx_hal_gpio.o
    0x08000ec6   0x08000ec6   0x00000002   PAD
    0x08000ec8   0x08000ec8   0x0000000c   Code   RO          264    .text.HAL_GetTick   stm32f1xx_hal.o
    0x08000ed4   0x08000ed4   0x0000001a   Code   RO          262    .text.HAL_IncTick   stm32f1xx_hal.o
    0x08000eee   0x08000eee   0x00000002   PAD
    0x08000ef0   0x08000ef0   0x00000026   Code   RO          252    .text.HAL_Init      stm32f1xx_hal.o
    0x08000f16   0x08000f16   0x00000002   PAD
    0x08000f18   0x08000f18   0x00000048   Code   RO          254    .text.HAL_InitTick  stm32f1xx_hal.o
    0x08000f60   0x08000f60   0x00000042   Code   RO          109    .text.HAL_MspInit   stm32f1xx_hal_msp.o
    0x08000fa2   0x08000fa2   0x00000002   PAD
    0x08000fa4   0x08000fa4   0x00000022   Code   RO          424    .text.HAL_NVIC_EnableIRQ  stm32f1xx_hal_cortex.o
    0x08000fc6   0x08000fc6   0x00000002   PAD
    0x08000fc8   0x08000fc8   0x00000056   Code   RO          422    .text.HAL_NVIC_SetPriority  stm32f1xx_hal_cortex.o
    0x0800101e   0x0800101e   0x00000002   PAD
    0x08001020   0x08001020   0x00000020   Code   RO          420    .text.HAL_NVIC_SetPriorityGrouping  stm32f1xx_hal_cortex.o
    0x08001040   0x08001040   0x000001ba   Code   RO          316    .text.HAL_RCC_ClockConfig  stm32f1xx_hal_rcc.o
    0x080011fa   0x080011fa   0x00000002   PAD
    0x080011fc   0x080011fc   0x00000026   Code   RO          328    .text.HAL_RCC_GetPCLK1Freq  stm32f1xx_hal_rcc.o
    0x08001222   0x08001222   0x00000002   PAD
    0x08001224   0x08001224   0x00000026   Code   RO          330    .text.HAL_RCC_GetPCLK2Freq  stm32f1xx_hal_rcc.o
    0x0800124a   0x0800124a   0x00000002   PAD
    0x0800124c   0x0800124c   0x00000400   Code   RO          314    .text.HAL_RCC_OscConfig  stm32f1xx_hal_rcc.o
    0x0800164c   0x0800164c   0x0000002c   Code   RO          432    .text.HAL_SYSTICK_Config  stm32f1xx_hal_cortex.o
    0x08001678   0x08001678   0x00000002   Code   RO          216    .text.HAL_UARTEx_RxEventCallback  stm32f1xx_hal_uart.o
    0x0800167a   0x0800167a   0x00000002   PAD
    0x0800167c   0x0800167c   0x00000002   Code   RO          214    .text.HAL_UART_ErrorCallback  stm32f1xx_hal_uart.o
    0x0800167e   0x0800167e   0x00000002   PAD
    0x08001680   0x08001680   0x00000570   Code   RO          208    .text.HAL_UART_IRQHandler  stm32f1xx_hal_uart.o
    0x08001bf0   0x08001bf0   0x000000e2   Code   RO          132    .text.HAL_UART_Init  stm32f1xx_hal_uart.o
    0x08001cd2   0x08001cd2   0x00000002   PAD
    0x08001cd4   0x08001cd4   0x0000016e   Code   RO           60    .text.HAL_UART_MspInit  usart.o
    0x08001e42   0x08001e42   0x00000002   PAD
    0x08001e44   0x08001e44   0x00000054   Code   RO          152    .text.HAL_UART_Receive_IT  stm32f1xx_hal_uart.o
    0x08001e98   0x08001e98   0x00000138   Code   RO           13    .text.HAL_UART_RxCpltCallback  main.o
    0x08001fd0   0x08001fd0   0x00000192   Code   RO          146    .text.HAL_UART_Transmit  stm32f1xx_hal_uart.o
    0x08002162   0x08002162   0x00000002   PAD
    0x08002164   0x08002164   0x000000c2   Code   RO          156    .text.HAL_UART_Transmit_DMA  stm32f1xx_hal_uart.o
    0x08002226   0x08002226   0x00000002   PAD
    0x08002228   0x08002228   0x0000001e   Code   RO           11    .text.HAL_UART_TxCpltCallback  main.o
    0x08002246   0x08002246   0x00000002   PAD
    0x08002248   0x08002248   0x00000002   Code   RO          220    .text.HAL_UART_TxHalfCpltCallback  stm32f1xx_hal_uart.o
    0x0800224a   0x0800224a   0x00000002   PAD
    0x0800224c   0x0800224c   0x00000002   Code   RO           78    .text.HardFault_Handler  stm32f1xx_it.o
    0x0800224e   0x0800224e   0x00000002   PAD
    0x08002250   0x08002250   0x00000044   Code   RO           47    .text.MX_DMA_Init   dma.o
    0x08002294   0x08002294   0x0000007c   Code   RO           38    .text.MX_GPIO_Init  gpio.o
    0x08002310   0x08002310   0x0000003c   Code   RO           56    .text.MX_USART1_UART_Init  usart.o
    0x0800234c   0x0800234c   0x0000003c   Code   RO           58    .text.MX_USART2_UART_Init  usart.o
    0x08002388   0x08002388   0x00000002   Code   RO           80    .text.MemManage_Handler  stm32f1xx_it.o
    0x0800238a   0x0800238a   0x00000002   PAD
    0x0800238c   0x0800238c   0x000000da   Code   RO           21    .text.Motor_Enable  main.o
    0x08002466   0x08002466   0x00000002   PAD
    0x08002468   0x08002468   0x00000002   Code   RO           76    .text.NMI_Handler   stm32f1xx_it.o
    0x0800246a   0x0800246a   0x00000002   PAD
    0x0800246c   0x0800246c   0x00000002   Code   RO           90    .text.PendSV_Handler  stm32f1xx_it.o
    0x0800246e   0x0800246e   0x00000002   PAD
    0x08002470   0x08002470   0x00000002   Code   RO           86    .text.SVC_Handler   stm32f1xx_it.o
    0x08002472   0x08002472   0x00000002   PAD
    0x08002474   0x08002474   0x00000004   Code   RO           92    .text.SysTick_Handler  stm32f1xx_it.o
    0x08002478   0x08002478   0x00000002   Code   RO          779    .text.SystemInit    system_stm32f1xx.o
    0x0800247a   0x0800247a   0x00000002   PAD
    0x0800247c   0x0800247c   0x0000000c   Code   RO          212    .text.UART_DMAAbortOnError  stm32f1xx_hal_uart.o
    0x08002488   0x08002488   0x0000017c   Code   RO          162    .text.UART_DMAError  stm32f1xx_hal_uart.o
    0x08002604   0x08002604   0x000000b0   Code   RO          158    .text.UART_DMATransmitCplt  stm32f1xx_hal_uart.o
    0x080026b4   0x080026b4   0x00000006   Code   RO          160    .text.UART_DMATxHalfCplt  stm32f1xx_hal_uart.o
    0x080026ba   0x080026ba   0x00000002   PAD
    0x080026bc   0x080026bc   0x000000fe   Code   RO          210    .text.UART_Receive_IT  stm32f1xx_hal_uart.o
    0x080027ba   0x080027ba   0x00000002   PAD
    0x080027bc   0x080027bc   0x0000000c   Code   RO           98    .text.USART1_IRQHandler  stm32f1xx_it.o
    0x080027c8   0x080027c8   0x0000000c   Code   RO          100    .text.USART2_IRQHandler  stm32f1xx_it.o
    0x080027d4   0x080027d4   0x00000002   Code   RO           84    .text.UsageFault_Handler  stm32f1xx_it.o
    0x080027d6   0x080027d6   0x00000002   PAD
    0x080027d8   0x080027d8   0x00000ee0   Code   RO           15    .text.main          main.o
    0x080036b8   0x080036b8   0x0000006a   Code   RO           25    .text.scan_enter_locked  main.o
    0x08003722   0x08003722   0x00000002   PAD
    0x08003724   0x08003724   0x0000002c   Code   RO          886    locale$$code        c_w.l(lc_ctype_c.o)
    0x08003750   0x08003750   0x000000c4   Code   RO          805    x$fpl$fadd          fz_ws.l(faddsub_clz.o)
    0x08003814   0x08003814   0x00000054   Code   RO          811    x$fpl$fcmp          fz_ws.l(fcmp.o)
    0x08003868   0x08003868   0x00000018   Code   RO          874    x$fpl$fcmpinf       fz_ws.l(fcmpi.o)
    0x08003880   0x08003880   0x00000184   Code   RO          814    x$fpl$fdiv          fz_ws.l(fdiv.o)
    0x08003a04   0x08003a04   0x00000068   Code   RO          839    x$fpl$feqf          fz_ws.l(feqf.o)
    0x08003a6c   0x08003a6c   0x00000036   Code   RO          817    x$fpl$ffix          fz_ws.l(ffix.o)
    0x08003aa2   0x08003aa2   0x00000002   PAD
    0x08003aa4   0x08003aa4   0x00000030   Code   RO          822    x$fpl$fflt          fz_ws.l(fflt_clz.o)
    0x08003ad4   0x08003ad4   0x00000068   Code   RO          841    x$fpl$fgeqf         fz_ws.l(fgeqf.o)
    0x08003b3c   0x08003b3c   0x00000068   Code   RO          843    x$fpl$fleqf         fz_ws.l(fleqf.o)
    0x08003ba4   0x08003ba4   0x00000102   Code   RO          827    x$fpl$fmul          fz_ws.l(fmul.o)
    0x08003ca6   0x08003ca6   0x0000008c   Code   RO          845    x$fpl$fnaninf       fz_ws.l(fnaninf.o)
    0x08003d32   0x08003d32   0x0000000a   Code   RO          847    x$fpl$fretinf       fz_ws.l(fretinf.o)
    0x08003d3c   0x08003d3c   0x000000ea   Code   RO          807    x$fpl$fsub          fz_ws.l(faddsub_clz.o)
    0x08003e26   0x08003e26   0x00000000   Code   RO          849    x$fpl$usenofp       fz_ws.l(usenofp.o)
    0x08003e26   0x08003e26   0x00000010   Data   RO          784    .rodata.AHBPrescTable  system_stm32f1xx.o
    0x08003e36   0x08003e36   0x00000008   Data   RO          785    .rodata.APBPrescTable  system_stm32f1xx.o
    0x08003e3e   0x08003e3e   0x00000002   Data   RO          341    .rodata.HAL_RCC_GetSysClockFreq.aPredivFactorTable  stm32f1xx_hal_rcc.o
    0x08003e40   0x08003e40   0x00000010   Data   RO          340    .rodata.cst16       stm32f1xx_hal_rcc.o
    0x08003e50   0x08003e50   0x00000020   Data   RO         1031    Region$$Table       anon$$obj.o
    0x08003e70   0x08003e70   0x00000110   Data   RO          885    locale$$data        c_w.l(lc_ctype_c.o)


    Execution Region RW_IRAM1 (Exec base: 0x20000000, Load base: 0x08003f80, Size: 0x000008b0, Max: 0x00005000, ABSOLUTE)

    Exec Addr    Load Addr    Size         Type   Attr      Idx    E Section Name        Object

    0x20000000   0x08003f80   0x00000008   Data   RW          303    .data..L_MergedGlobals  stm32f1xx_hal.o
    0x20000008   0x08003f88   0x00000004   Data   RW          783    .data.SystemCoreClock  system_stm32f1xx.o
    0x2000000c   0x08003f8c   0x00000004   PAD
    0x20000010        -       0x00000060   Zero   RW          851    .bss                c_w.l(libspace.o)
    0x20000070        -       0x0000005c   Zero   RW           29    .bss..L_MergedGlobals  main.o
    0x200000cc        -       0x00000042   Zero   RW          770    .bss..L_MergedGlobals  emm_v5.o
    0x2000010e        -       0x00000010   Zero   RW          728    .bss.Emm_V5_En_Control.cmd  emm_v5.o
    0x2000011e        -       0x00000010   Zero   RW          749    .bss.Emm_V5_Modify_Ctrl_Mode.cmd  emm_v5.o
    0x2000012e        -       0x00000010   Zero   RW          754    .bss.Emm_V5_Modify_FOC_mA.cmd  emm_v5.o
    0x2000013e        -       0x00000010   Zero   RW          734    .bss.Emm_V5_Origin_Set_O.cmd  emm_v5.o
    0x2000014e        -       0x00000010   Zero   RW          735    .bss.Emm_V5_Origin_Trigger_Return.cmd  emm_v5.o
    0x2000015e        -       0x00000010   Zero   RW          731    .bss.Emm_V5_Set_QPos_Params.cmd  emm_v5.o
    0x2000016e        -       0x00000010   Zero   RW          732    .bss.Emm_V5_Stop_Now.cmd  emm_v5.o
    0x2000017e        -       0x00000010   Zero   RW          729    .bss.Emm_V5_Vel_Control.cmd  emm_v5.o
    0x2000018e   0x08003f8c   0x00000002   PAD
    0x20000190        -       0x00000044   Zero   RW           67    .bss.hdma_usart1_rx  usart.o
    0x200001d4        -       0x00000044   Zero   RW           66    .bss.hdma_usart1_tx  usart.o
    0x20000218        -       0x00000048   Zero   RW           64    .bss.huart1         usart.o
    0x20000260        -       0x00000048   Zero   RW           65    .bss.huart2         usart.o
    0x200002a8        -       0x00000004   Zero   RW          302    .bss.uwTick         stm32f1xx_hal.o
    0x200002ac   0x08003f8c   0x00000004   PAD
    0x200002b0        -       0x00000200   Zero   RW            2    HEAP                startup_stm32f103xb.o
    0x200004b0        -       0x00000400   Zero   RW            1    STACK               startup_stm32f103xb.o


==============================================================================

Image component sizes


      Code (inc. data)   RO Data    RW Data    ZI Data      Debug   Object Name

        68          0          0          0          0       2174   dma.o
       614          0          0          0        194      29878   emm_v5.o
       124          0          0          0          0       1535   gpio.o
      4590         30          0          0         92      19832   main.o
        64         26        236          0       1536        792   startup_stm32f103xb.o
       188          0          0          8          4       5757   stm32f1xx_hal.o
       196          0          0          0          0       8412   stm32f1xx_hal_cortex.o
       960          0          0          0          0       8560   stm32f1xx_hal_dma.o
       552         22          0          0          0       4754   stm32f1xx_hal_gpio.o
        66          0          0          0          0       1198   stm32f1xx_hal_msp.o
      1542          0         18          0          0       8065   stm32f1xx_hal_rcc.o
      3132          0          0          0          0      33150   stm32f1xx_hal_uart.o
        68          0          0          0          0       4165   stm32f1xx_it.o
         2          0         24          4          0       1576   system_stm32f1xx.o
       486          0          0          0        280       5979   usart.o

    ----------------------------------------------------------------------
     12732         78        310         12       2116     135827   Object Totals
         0          0         32          0          0          0   (incl. Generated)
        80          0          0          0         10          0   (incl. Padding)

    ----------------------------------------------------------------------

      Code (inc. data)   RO Data    RW Data    ZI Data      Debug   Library Member Name

         8          0          0          0          0         68   __main.o
         0          0          0          0          0          0   __rtentry.o
        12          0          0          0          0          0   __rtentry2.o
         6          0          0          0          0          0   __rtentry4.o
        94          8          0          0          0          0   __scatter.o
        26          0          0          0          0          0   __scatter_copy.o
        28          0          0          0          0          0   __scatter_zi.o
        28          0          0          0          0         68   _chval.o
       158          0          0          0          0         92   _strtoul.o
        26          0          0          0          0         80   atoi.o
        18          0          0          0          0         80   exit.o
         6          0          0          0          0        152   heapauxi.o
         0          0          0          0          0          0   indicate_semi.o
        44         10        272          0          0         76   lc_ctype_c.o
         2          0          0          0          0          0   libinit.o
        20          0          0          0          0          0   libinit2.o
         2          0          0          0          0          0   libshutdown.o
         2          0          0          0          0          0   libshutdown2.o
         8          4          0          0         96         68   libspace.o
        88          0          0          0          0         76   memcmp.o
        16          4          0          0          0         76   rt_ctype_table.o
         8          4          0          0          0         68   rt_errno_addr_intlibspace.o
         8          4          0          0          0         68   rt_locale_intlibspace.o
        68          0          0          0          0         68   rt_memclr.o
        78          0          0          0          0         80   rt_memclr_w.o
         2          0          0          0          0          0   rtexit.o
        10          0          0          0          0          0   rtexit2.o
       128          0          0          0          0         68   strcmpv7m.o
        86          0          0          0          0         76   strncpy.o
       112          0          0          0          0         88   strtol.o
        12          4          0          0          0         68   sys_exit.o
        74          0          0          0          0         80   sys_stackheap_outer.o
         2          0          0          0          0         68   use_no_semi.o
       430          8          0          0          0        168   faddsub_clz.o
        84          0          0          0          0        196   fcmp.o
        24          0          0          0          0         68   fcmpi.o
       388         76          0          0          0         96   fdiv.o
       104          4          0          0          0         84   feqf.o
        54          4          0          0          0         84   ffix.o
        48          0          0          0          0         68   fflt_clz.o
       104          4          0          0          0         84   fgeqf.o
       104          4          0          0          0         84   fleqf.o
       258          4          0          0          0         84   fmul.o
       140          4          0          0          0         84   fnaninf.o
        10          0          0          0          0         68   fretinf.o
         0          0          0          0          0          0   usenofp.o

    ----------------------------------------------------------------------
      2942        146        272          0         96       2736   Library Totals
        14          0          0          0          0          0   (incl. Padding)

    ----------------------------------------------------------------------

      Code (inc. data)   RO Data    RW Data    ZI Data      Debug   Library Name

      1180         38        272          0         96       1568   c_w.l
      1748        108          0          0          0       1168   fz_ws.l

    ----------------------------------------------------------------------
      2942        146        272          0         96       2736   Library Totals

    ----------------------------------------------------------------------

==============================================================================


      Code (inc. data)   RO Data    RW Data    ZI Data      Debug   

     15674        224        582         12       2212     136911   Grand Totals
     15674        224        582         12       2212     136911   ELF Image Totals
     15674        224        582         12          0          0   ROM Totals

==============================================================================

    Total RO  Size (Code + RO Data)                16256 (  15.88kB)
    Total RW  Size (RW Data + ZI Data)              2224 (   2.17kB)
    Total ROM Size (Code + RO Data + RW Data)      16268 (  15.89kB)

==============================================================================

